Component: Arm Compiler for Embedded 6.23 Tool: armlink [5f102400]

==============================================================================

Section Cross References

    monitor.o(.text.set_display_mode) refers to monitor.o(.rodata.str1.1) for .L.str
    monitor.o(.text.set_display_mode) refers to uart_poll.o(.text.UART_direct_msg_put) for UART_direct_msg_put
    monitor.o(.ARM.exidx.text.set_display_mode) refers to monitor.o(.text.set_display_mode) for [Anonymous Symbol]
    monitor.o(.text.chk_UART_msg) refers to uart_poll.o(.text.UART_input) for UART_input
    monitor.o(.text.chk_UART_msg) refers to uart_poll.o(.text.UART_get) for UART_get
    monitor.o(.text.chk_UART_msg) refers to monitor.o(.rodata.str1.1) for .L.str.6
    monitor.o(.text.chk_UART_msg) refers to uart_poll.o(.text.UART_msg_put) for UART_msg_put
    monitor.o(.text.chk_UART_msg) refers to monitor.o(.text.UART_msg_process) for UART_msg_process
    monitor.o(.text.chk_UART_msg) refers to uart_poll.o(.text.UART_put) for UART_put
    monitor.o(.text.chk_UART_msg) refers to main.o(.bss.msg_buf_idx) for msg_buf_idx
    monitor.o(.text.chk_UART_msg) refers to main.o(.bss.display_mode) for display_mode
    monitor.o(.text.chk_UART_msg) refers to main.o(.bss.msg_buf) for msg_buf
    monitor.o(.ARM.exidx.text.chk_UART_msg) refers to monitor.o(.text.chk_UART_msg) for [Anonymous Symbol]
    monitor.o(.text.UART_msg_process) refers to main.o(.bss.msg_buf) for msg_buf
    monitor.o(.text.UART_msg_process) refers to main.o(.bss.msg_buf_idx) for msg_buf_idx
    monitor.o(.text.UART_msg_process) refers to main.o(.bss.display_mode) for display_mode
    monitor.o(.text.UART_msg_process) refers to monitor.o(.rodata.str1.1) for .L.str.9
    monitor.o(.text.UART_msg_process) refers to uart_poll.o(.text.UART_msg_put) for UART_msg_put
    monitor.o(.text.UART_msg_process) refers to timer0.o(.bss.display_timer) for display_timer
    monitor.o(.ARM.exidx.text.UART_msg_process) refers to monitor.o(.text.UART_msg_process) for [Anonymous Symbol]
    monitor.o(.ARM.exidx.text.is_hex) refers to monitor.o(.text.is_hex) for [Anonymous Symbol]
    monitor.o(.text.monitor) refers to main.o(.bss.display_mode) for display_mode
    monitor.o(.text.monitor) refers to monitor.o(.rodata.str1.1) for .L.str.17
    monitor.o(.text.monitor) refers to uart_poll.o(.text.UART_msg_put) for UART_msg_put
    monitor.o(.text.monitor) refers to timer0.o(.bss.display_flag) for display_flag
    monitor.o(.ARM.exidx.text.monitor) refers to monitor.o(.text.monitor) for [Anonymous Symbol]
    timer0.o(.ARM.exidx.text.GPIO_Initialize) refers to timer0.o(.text.GPIO_Initialize) for [Anonymous Symbol]
    timer0.o(.text.timer0) refers to timer0.o(.bss.timer_state) for timer_state
    timer0.o(.text.timer0) refers to timer0.o(.bss.long_time_state) for long_time_state
    timer0.o(.text.timer0) refers to timer0.o(.bss.swtimer0) for swtimer0
    timer0.o(.text.timer0) refers to timer0.o(.bss.swtimer1) for swtimer1
    timer0.o(.text.timer0) refers to timer0.o(.bss.swtimer2) for swtimer2
    timer0.o(.text.timer0) refers to timer0.o(.bss.swtimer3) for swtimer3
    timer0.o(.text.timer0) refers to timer0.o(.bss.swtimer4) for swtimer4
    timer0.o(.text.timer0) refers to timer0.o(.bss.swtimer5) for swtimer5
    timer0.o(.text.timer0) refers to timer0.o(.bss.swtimer6) for swtimer6
    timer0.o(.text.timer0) refers to timer0.o(.bss.swtimer7) for swtimer7
    timer0.o(.text.timer0) refers to timer0.o(.bss.display_timer) for display_timer
    timer0.o(.text.timer0) refers to timer0.o(.bss.display_flag) for display_flag
    timer0.o(.text.timer0) refers to timer0.o(.bss.led_timer) for led_timer
    timer0.o(.text.timer0) refers to led_nucleo_f401re.o(.text.LED_Off) for LED_Off
    timer0.o(.text.timer0) refers to led_nucleo_f401re.o(.text.LED_On) for LED_On
    timer0.o(.text.timer0) refers to timer0.o(.bss.timer0_count) for timer0_count
    timer0.o(.ARM.exidx.text.timer0) refers to timer0.o(.text.timer0) for [Anonymous Symbol]
    uart_poll.o(.text.serial) refers to uart_poll.o(.bss.error_count) for error_count
    uart_poll.o(.text.serial) refers to main.o(.bss.rx_in_ptr) for rx_in_ptr
    uart_poll.o(.text.serial) refers to main.o(.bss.rx_buf) for rx_buf
    uart_poll.o(.text.serial) refers to main.o(.bss.tx_in_ptr) for tx_in_ptr
    uart_poll.o(.text.serial) refers to main.o(.bss.tx_out_ptr) for tx_out_ptr
    uart_poll.o(.text.serial) refers to main.o(.bss.display_mode) for display_mode
    uart_poll.o(.text.serial) refers to main.o(.bss.tx_buf) for tx_buf
    uart_poll.o(.text.serial) refers to main.o(.bss.tx_in_progress) for tx_in_progress
    uart_poll.o(.text.serial) refers to main.o(.bss.serial_flag) for serial_flag
    uart_poll.o(.ARM.exidx.text.serial) refers to uart_poll.o(.text.serial) for [Anonymous Symbol]
    uart_poll.o(.ARM.exidx.text.UART_direct_msg_put) refers to uart_poll.o(.text.UART_direct_msg_put) for [Anonymous Symbol]
[...]
    .data                                    0x20000000   Section        4  stdio_streams.o(.data)
    .data                                    0x20000004   Section        4  stdio_streams.o(.data)
    .data                                    0x20000008   Section        4  stdio_streams.o(.data)
    .bss                                     0x20000018   Section       84  stdio_streams.o(.bss)
    .bss                                     0x2000006c   Section       84  stdio_streams.o(.bss)
    .bss                                     0x200000c0   Section       84  stdio_streams.o(.bss)
    .bss                                     0x20000114   Section       96  libspace.o(.bss)
    led_timer                                0x20000254   Data           1  timer0.o(.bss.led_timer)
    [Anonymous Symbol]                       0x20000254   Section        0  timer0.o(.bss.led_timer)
    long_time_state                          0x20000255   Data           1  timer0.o(.bss.long_time_state)
    [Anonymous Symbol]                       0x20000255   Section        0  timer0.o(.bss.long_time_state)
    timer0_count                             0x20000286   Data           2  timer0.o(.bss.timer0_count)
    [Anonymous Symbol]                       0x20000286   Section        0  timer0.o(.bss.timer0_count)
    timer_state                              0x20000288   Data           1  timer0.o(.bss.timer_state)
    [Anonymous Symbol]                       0x20000288   Section        0  timer0.o(.bss.timer_state)
    Heap_Mem                                 0x200002c0   Data         512  startup_stm32f401xe_1.o(HEAP)
    HEAP                                     0x200002c0   Section      512  startup_stm32f401xe_1.o(HEAP)
    Stack_Mem                                0x200004c0   Data        1024  startup_stm32f401xe_1.o(STACK)
    STACK                                    0x200004c0   Section     1024  startup_stm32f401xe_1.o(STACK)
    __initial_sp                             0x200008c0   Data           0  startup_stm32f401xe_1.o(STACK)

    Global Symbols

    Symbol Name                              Value     Ov Type        Size  Object(Section)

    BuildAttributes$$THM_ISAv4$E$P$D$K$B$S$7EM$VFPi3$EXTD16$VFPS$VFMA$PE$A:L22UL41UL21$X:L11$S22US41US21$IEEE1$IW$~IW$USESV6$~STKCKD$USESV7$~SHL$OTIME$ROPI$IEEEJ$EBA8$UX$STANDARDLIB$REQ8$PRES8$EABIv2 0x00000000   Number         0  anon$$obj.o ABSOLUTE
    _printf_flags                            0x00000000   Number         0  printf_stubs.o ABSOLUTE
    _printf_return_value                     0x00000000   Number         0  printf_stubs.o ABSOLUTE
    _printf_sizespec                         0x00000000   Number         0  printf_stubs.o ABSOLUTE
    _printf_widthprec                        0x00000000   Number         0  printf_stubs.o ABSOLUTE
    __ARM_exceptions_init                     - Undefined Weak Reference
    __alloca_initialize                       - Undefined Weak Reference
    __arm_preinit_                            - Undefined Weak Reference
    __arm_relocate_pie_                       - Undefined Weak Reference
    __cpp_initialize__aeabi_                  - Undefined Weak Reference
    __cxa_finalize                            - Undefined Weak Reference
    __sigvec_lookup                           - Undefined Weak Reference
    __user_heap_extent                        - Undefined Weak Reference
    _atexit_init                              - Undefined Weak Reference
    _call_atexit_fns                          - Undefined Weak Reference
    _clock_init                               - Undefined Weak Reference
    _fp_trap_init                             - Undefined Weak Reference
    _fp_trap_shutdown                         - Undefined Weak Reference
    _get_lc_collate                           - Undefined Weak Reference
    _get_lc_monetary                          - Undefined Weak Reference
    _get_lc_time                              - Undefined Weak Reference
    _getenv_init                              - Undefined Weak Reference
    _handle_redirection                       - Undefined Weak Reference
    _mutex_acquire                            - Undefined Weak Reference
    _mutex_free                               - Undefined Weak Reference
    _mutex_release                            - Undefined Weak Reference
    _printf_mbtowc                            - Undefined Weak Reference
    _printf_wc                                - Undefined Weak Reference
    _rand_init                                - Undefined Weak Reference
    _signal_finish                            - Undefined Weak Reference
    _signal_init                              - Undefined Weak Reference
    __Vectors_Size                           0x00000194   Number         0  startup_stm32f401xe_1.o ABSOLUTE
    __Vectors                                0x08000000   Data           4  startup_stm32f401xe_1.o(RESET)
    __Vectors_End                            0x08000194   Data           0  startup_stm32f401xe_1.o(RESET)
    __main                                   0x08000195   Thumb Code     8  __main.o(!!!main)
    __scatterload                            0x0800019d   Thumb Code     0  __scatter.o(!!!scatter)
    __scatterload_rt2                        0x0800019d   Thumb Code    84  __scatter.o(!!!scatter)
    __scatterload_rt2_thumb_only             0x0800019d   Thumb Code     0  __scatter.o(!!!scatter)
    __scatterload_loop                       0x080001a7   Thumb Code     0  __scatter.o(!!!scatter)
    __scatterload_copy                       0x080001f9   Thumb Code    26  __scatter_copy.o(!!handler_copy)
    __scatterload_null                       0x08000215   Thumb Code     2  __scatter.o(!!handler_null)
    __scatterload_zeroinit                   0x08000219   Thumb Code    28  __scatter_zi.o(!!handler_zi)
    _printf_n                                0x08000235   Thumb Code     0  _printf_n.o(.ARM.Collect$$_printf_percent$$00000001)
    _printf_percent                          0x08000235   Thumb Code     0  _printf_percent.o(.ARM.Collect$$_printf_percent$$00000000)
    _printf_p                                0x0800023b   Thumb Code     0  _printf_p.o(.ARM.Collect$$_printf_percent$$00000002)
    _printf_f                                0x08000241   Thumb Code     0  _printf_f.o(.ARM.Collect$$_printf_percent$$00000003)
    _printf_e                                0x08000247   Thumb Code     0  _printf_e.o(.ARM.Collect$$_printf_percent$$00000004)
    _printf_g                                0x0800024d   Thumb Code     0  _printf_g.o(.ARM.Collect$$_printf_percent$$00000005)
    _printf_a                                0x08000253   Thumb Code     0  _printf_a.o(.ARM.Collect$$_printf_percent$$00000006)
    _printf_ll                               0x08000259   Thumb Code     0  _printf_ll.o(.ARM.Collect$$_printf_percent$$00000007)
    _printf_i                                0x08000263   Thumb Code     0  _printf_i.o(.ARM.Collect$$_printf_percent$$00000008)
    _printf_d                                0x08000269   Thumb Code     0  _printf_d.o(.ARM.Collect$$_printf_percent$$00000009)
    _printf_u                                0x0800026f   Thumb Code     0  _printf_u.o(.ARM.Collect$$_printf_percent$$0000000A)
    _printf_o                                0x08000275   Thumb Code     0  _printf_o.o(.ARM.Collect$$_printf_percent$$0000000B)
    _printf_x                                0x0800027b   Thumb Code     0  _printf_x.o(.ARM.Collect$$_printf_percent$$0000000C)
    _printf_lli                              0x08000281   Thumb Code     0  _printf_lli.o(.ARM.Collect$$_printf_percent$$0000000D)
    _printf_lld                              0x08000287   Thumb Code     0  _printf_lld.o(.ARM.Collect$$_printf_percent$$0000000E)
    _printf_llu                              0x0800028d   Thumb Code     0  _printf_llu.o(.ARM.Collect$$_printf_percent$$0000000F)
    _printf_llo                              0x08000293   Thumb Code     0  _printf_llo.o(.ARM.Collect$$_printf_percent$$00000010)
    _printf_llx                              0x08000299   Thumb Code     0  _printf_llx.o(.ARM.Collect$$_printf_percent$$00000011)
    _printf_l                                0x0800029f   Thumb Code     0  _printf_l.o(.ARM.Collect$$_printf_percent$$00000012)
    _printf_c                                0x080002a9   Thumb Code     0  _printf_c.o(.ARM.Collect$$_printf_percent$$00000013)
    _printf_s                                0x080002af   Thumb Code     0  _printf_s.o(.ARM.Collect$$_printf_percent$$00000014)
    _printf_lc                               0x080002b5   Thumb Code     0  _printf_lc.o(.ARM.Collect$$_printf_percent$$00000015)
    _printf_ls                               0x080002bb   Thumb Code     0  _printf_ls.o(.ARM.Collect$$_printf_percent$$00000016)
    _printf_percent_end                      0x080002c1   Thumb Code     0  _printf_percent_end.o(.ARM.Collect$$_printf_percent$$00000017)
    __rt_lib_init                            0x080002c5   Thumb Code     0  libinit.o(.ARM.Collect$$libinit$$00000000)
    __rt_lib_init_fp_1                       0x080002c7   Thumb Code     0  libinit2.o(.ARM.Collect$$libinit$$00000001)
    __rt_lib_init_heap_2                     0x080002cb   Thumb Code     0  libinit2.o(.ARM.Collect$$libinit$$00000007)
    __rt_lib_init_preinit_1                  0x080002cb   Thumb Code     0  libinit2.o(.ARM.Collect$$libinit$$00000006)
    __rt_lib_init_relocate_pie_1             0x080002cb   Thumb Code     0  libinit2.o(.ARM.Collect$$libinit$$00000004)
    __rt_lib_init_heap_1                     0x080002d3   Thumb Code     0  libinit2.o(.ARM.Collect$$libinit$$0000000C)
    __rt_lib_init_lc_common                  0x080002d3   Thumb Code     0  libinit2.o(.ARM.Collect$$libinit$$00000011)
    __rt_lib_init_rand_1                     0x080002d3   Thumb Code     0  libinit2.o(.ARM.Collect$$libinit$$00000010)
    __rt_lib_init_user_alloc_1               0x080002d3   Thumb Code     0  libinit2.o(.ARM.Collect$$libinit$$0000000E)
    __rt_lib_init_lc_collate_1               0x080002d9   Thumb Code     0  libinit2.o(.ARM.Collect$$libinit$$00000013)
    __rt_lib_init_lc_ctype_2                 0x080002d9   Thumb Code     0  libinit2.o(.ARM.Collect$$libinit$$00000014)
    __rt_lib_init_lc_ctype_1                 0x080002e5   Thumb Code     0  libinit2.o(.ARM.Collect$$libinit$$00000015)
    __rt_lib_init_lc_monetary_1              0x080002e5   Thumb Code     0  libinit2.o(.ARM.Collect$$libinit$$00000017)
    __rt_lib_init_lc_numeric_2               0x080002e5   Thumb Code     0  libinit2.o(.ARM.Collect$$libinit$$00000018)
    __rt_lib_init_atexit_1                   0x080002ef   Thumb Code     0  libinit2.o(.ARM.Collect$$libinit$$0000001D)
    __rt_lib_init_clock_1                    0x080002ef   Thumb Code     0  libinit2.o(.ARM.Collect$$libinit$$00000023)
    __rt_lib_init_fp_trap_1                  0x080002ef   Thumb Code     0  libinit2.o(.ARM.Collect$$libinit$$00000021)
    __rt_lib_init_getenv_1                   0x080002ef   Thumb Code     0  libinit2.o(.ARM.Collect$$libinit$$00000025)
    __rt_lib_init_lc_numeric_1               0x080002ef   Thumb Code     0  libinit2.o(.ARM.Collect$$libinit$$00000019)
    __rt_lib_init_lc_time_1                  0x080002ef   Thumb Code     0  libinit2.o(.ARM.Collect$$libinit$$0000001B)
    __rt_lib_init_signal_1                   0x080002ef   Thumb Code     0  libinit2.o(.ARM.Collect$$libinit$$0000001F)
    __rt_lib_init_stdio_2                    0x080002ef   Thumb Code     0  libinit2.o(.ARM.Collect$$libinit$$00000026)
    __rt_lib_init_alloca_1                   0x080002f3   Thumb Code     0  libinit2.o(.ARM.Collect$$libinit$$00000030)
    __rt_lib_init_argv_1                     0x080002f3   Thumb Code     0  libinit2.o(.ARM.Collect$$libinit$$0000002E)
    __rt_lib_init_cpp_1                      0x080002f3   Thumb Code     0  libinit2.o(.ARM.Collect$$libinit$$00000034)
    __rt_lib_init_exceptions_1               0x080002f3   Thumb Code     0  libinit2.o(.ARM.Collect$$libinit$$00000032)
    __rt_lib_init_return                     0x080002f3   Thumb Code     0  libinit2.o(.ARM.Collect$$libinit$$00000035)
    __rt_lib_init_stdio_1                    0x080002f3   Thumb Code     0  libinit2.o(.ARM.Collect$$libinit$$00000027)
    __rt_lib_shutdown                        0x080002f5   Thumb Code     0  libshutdown.o(.ARM.Collect$$libshutdown$$00000000)
    __rt_lib_shutdown_cpp_1                  0x080002f7   Thumb Code     0  libshutdown2.o(.ARM.Collect$$libshutdown$$00000002)
    __rt_lib_shutdown_stdio_2                0x080002f7   Thumb Code     0  libshutdown2.o(.ARM.Collect$$libshutdown$$00000003)
    __rt_lib_shutdown_fp_trap_1              0x080002fb   Thumb Code     0  libshutdown2.o(.ARM.Collect$$libshutdown$$00000007)
    __rt_lib_shutdown_heap_1                 0x080002fb   Thumb Code     0  libshutdown2.o(.ARM.Collect$$libshutdown$$0000000F)
    __rt_lib_shutdown_return                 0x080002fb   Thumb Code     0  libshutdown2.o(.ARM.Collect$$libshutdown$$00000010)
    __rt_lib_shutdown_signal_1               0x080002fb   Thumb Code     0  libshutdown2.o(.ARM.Collect$$libshutdown$$0000000A)
    __rt_lib_shutdown_stdio_1                0x080002fb   Thumb Code     0  libshutdown2.o(.ARM.Collect$$libshutdown$$00000004)
    __rt_lib_shutdown_user_alloc_1           0x080002fb   Thumb Code     0  libshutdown2.o(.ARM.Collect$$libshutdown$$0000000C)
    __rt_entry                               0x080002fd   Thumb Code     0  __rtentry.o(.ARM.Collect$$rtentry$$00000000)
    __rt_entry_presh_1                       0x080002fd   Thumb Code     0  __rtentry2.o(.ARM.Collect$$rtentry$$00000002)
    __rt_entry_sh                            0x080002fd   Thumb Code     0  __rtentry4.o(.ARM.Collect$$rtentry$$00000004)
    __rt_entry_li                            0x08000303   Thumb Code     0  __rtentry2.o(.ARM.Collect$$rtentry$$0000000A)
    __rt_entry_postsh_1                      0x08000303   Thumb Code     0  __rtentry2.o(.ARM.Collect$$rtentry$$00000009)
    __rt_entry_main                          0x08000307   Thumb Code     0  __rtentry2.o(.ARM.Collect$$rtentry$$0000000D)
    __rt_entry_postli_1                      0x08000307   Thumb Code     0  __rtentry2.o(.ARM.Collect$$rtentry$$0000000C)
    __rt_exit                                0x0800030f   Thumb Code     0  rtexit.o(.ARM.Collect$$rtexit$$00000000)
    __rt_exit_ls                             0x08000311   Thumb Code     0  rtexit2.o(.ARM.Collect$$rtexit$$00000003)
    __rt_exit_prels_1                        0x08000311   Thumb Code     0  rtexit2.o(.ARM.Collect$$rtexit$$00000002)
    __rt_exit_exit                           0x08000315   Thumb Code     0  rtexit2.o(.ARM.Collect$$rtexit$$00000004)
    Reset_Handler                            0x0800031d   Thumb Code     8  startup_stm32f401xe_1.o(.text)
    ADC_IRQHandler                           0x08000337   Thumb Code     0  startup_stm32f401xe_1.o(.text)
    DMA1_Stream0_IRQHandler                  0x08000337   Thumb Code     0  startup_stm32f401xe_1.o(.text)
    DMA1_Stream1_IRQHandler                  0x08000337   Thumb Code     0  startup_stm32f401xe_1.o(.text)
    DMA1_Stream2_IRQHandler                  0x08000337   Thumb Code     0  startup_stm32f401xe_1.o(.text)
    DMA1_Stream3_IRQHandler                  0x08000337   Thumb Code     0  startup_stm32f401xe_1.o(.text)
    DMA1_Stream4_IRQHandler                  0x08000337   Thumb Code     0  startup_stm32f401xe_1.o(.text)
    DMA1_Stream5_IRQHandler                  0x08000337   Thumb Code     0  startup_stm32f401xe_1.o(.text)
    DMA1_Stream6_IRQHandler                  0x08000337   Thumb Code     0  startup_stm32f401xe_1.o(.text)
    DMA1_Stream7_IRQHandler                  0x08000337   Thumb Code     0  startup_stm32f401xe_1.o(.text)
    DMA2_Stream0_IRQHandler                  0x08000337   Thumb Code     0  startup_stm32f401xe_1.o(.text)
    DMA2_Stream1_IRQHandler                  0x08000337   Thumb Code     0  startup_stm32f401xe_1.o(.text)
    DMA2_Stream2_IRQHandler                  0x08000337   Thumb Code     0  startup_stm32f401xe_1.o(.text)
    DMA2_Stream3_IRQHandler                  0x08000337   Thumb Code     0  startup_stm32f401xe_1.o(.text)
    DMA2_Stream4_IRQHandler                  0x08000337   Thumb Code     0  startup_stm32f401xe_1.o(.text)
    DMA2_Stream5_IRQHandler                  0x08000337   Thumb Code     0  startup_stm32f401xe_1.o(.text)
    DMA2_Stream6_IRQHandler                  0x08000337   Thumb Code     0  startup_stm32f401xe_1.o(.text)
    DMA2_Stream7_IRQHandler                  0x08000337   Thumb Code     0  startup_stm32f401xe_1.o(.text)
    EXTI0_IRQHandler                         0x08000337   Thumb Code     0  startup_stm32f401xe_1.o(.text)
    EXTI15_10_IRQHandler                     0x08000337   Thumb Code     0  startup_stm32f401xe_1.o(.text)
    EXTI1_IRQHandler                         0x08000337   Thumb Code     0  startup_stm32f401xe_1.o(.text)
    EXTI2_IRQHandler                         0x08000337   Thumb Code     0  startup_stm32f401xe_1.o(.text)
    EXTI3_IRQHandler                         0x08000337   Thumb Code     0  startup_stm32f401xe_1.o(.text)
    EXTI4_IRQHandler                         0x08000337   Thumb Code     0  startup_stm32f401xe_1.o(.text)
    EXTI9_5_IRQHandler                       0x08000337   Thumb Code     0  startup_stm32f401xe_1.o(.text)
    FLASH_IRQHandler                         0x08000337   Thumb Code     0  startup_stm32f401xe_1.o(.text)
    FPU_IRQHandler                           0x08000337   Thumb Code     0  startup_stm32f401xe_1.o(.text)
    I2C1_ER_IRQHandler                       0x08000337   Thumb Code     0  startup_stm32f401xe_1.o(.text)
    I2C1_EV_IRQHandler                       0x08000337   Thumb Code     0  startup_stm32f401xe_1.o(.text)
    I2C2_ER_IRQHandler                       0x08000337   Thumb Code     0  startup_stm32f401xe_1.o(.text)
    I2C2_EV_IRQHandler                       0x08000337   Thumb Code     0  startup_stm32f401xe_1.o(.text)
    I2C3_ER_IRQHandler                       0x08000337   Thumb Code     0  startup_stm32f401xe_1.o(.text)
    I2C3_EV_IRQHandler                       0x08000337   Thumb Code     0  startup_stm32f401xe_1.o(.text)
    OTG_FS_IRQHandler                        0x08000337   Thumb Code     0  startup_stm32f401xe_1.o(.text)
    OTG_FS_WKUP_IRQHandler                   0x08000337   Thumb Code     0  startup_stm32f401xe_1.o(.text)
    PVD_IRQHandler                           0x08000337   Thumb Code     0  startup_stm32f401xe_1.o(.text)
    RCC_IRQHandler                           0x08000337   Thumb Code     0  startup_stm32f401xe_1.o(.text)
    RTC_Alarm_IRQHandler                     0x08000337   Thumb Code     0  startup_stm32f401xe_1.o(.text)
    RTC_WKUP_IRQHandler                      0x08000337   Thumb Code     0  startup_stm32f401xe_1.o(.text)
    SDIO_IRQHandler                          0x08000337   Thumb Code     0  startup_stm32f401xe_1.o(.text)
    SPI1_IRQHandler                          0x08000337   Thumb Code     0  startup_stm32f401xe_1.o(.text)
    SPI2_IRQHandler                          0x08000337   Thumb Code     0  startup_stm32f401xe_1.o(.text)
    SPI3_IRQHandler                          0x08000337   Thumb Code     0  startup_stm32f401xe_1.o(.text)
    SPI4_IRQHandler                          0x08000337   Thumb Code     0  startup_stm32f401xe_1.o(.text)
    TAMP_STAMP_IRQHandler                    0x08000337   Thumb Code     0  startup_stm32f401xe_1.o(.text)
    TIM1_BRK_TIM9_IRQHandler                 0x08000337   Thumb Code     0  startup_stm32f401xe_1.o(.text)
    TIM1_CC_IRQHandler                       0x08000337   Thumb Code     0  startup_stm32f401xe_1.o(.text)
    TIM1_TRG_COM_TIM11_IRQHandler            0x08000337   Thumb Code     0  startup_stm32f401xe_1.o(.text)
    TIM1_UP_TIM10_IRQHandler                 0x08000337   Thumb Code     0  startup_stm32f401xe_1.o(.text)
    TIM2_IRQHandler                          0x08000337   Thumb Code     0  startup_stm32f401xe_1.o(.text)
    TIM3_IRQHandler                          0x08000337   Thumb Code     0  startup_stm32f401xe_1.o(.text)
    TIM4_IRQHandler                          0x08000337   Thumb Code     0  startup_stm32f401xe_1.o(.text)
    TIM5_IRQHandler                          0x08000337   Thumb Code     0  startup_stm32f401xe_1.o(.text)
    USART1_IRQHandler                        0x08000337   Thumb Code     0  startup_stm32f401xe_1.o(.text)
    USART2_IRQHandler                        0x08000337   Thumb Code     0  startup_stm32f401xe_1.o(.text)
    USART6_IRQHandler                        0x08000337   Thumb Code     0  startup_stm32f401xe_1.o(.text)
    WWDG_IRQHandler                          0x08000337   Thumb Code     0  startup_stm32f401xe_1.o(.text)
    __user_initial_stackheap                 0x08000339   Thumb Code     0  startup_stm32f401xe_1.o(.text)
    __aeabi_uldivmod                         0x0800035d   Thumb Code     0  lludivv7m.o(.text)
    _ll_udiv                                 0x0800035d   Thumb Code   240  lludivv7m.o(.text)
    printf                                   0x0800044d   Thumb Code    20  printf.o(.text)
    __aeabi_memclr4                          0x08000465   Thumb Code     0  rt_memclr_w.o(.text)
    __aeabi_memclr8                          0x08000465   Thumb Code     0  rt_memclr_w.o(.text)
    __rt_memclr_w                            0x08000465   Thumb Code     0  rt_memclr_w.o(.text)
    _memset_w                                0x08000469   Thumb Code    74  rt_memclr_w.o(.text)
    strcmp                                   0x080004b9   Thumb Code   124  strcmpv7em.o(.text)
    __use_two_region_memory                  0x08000535   Thumb Code     2  heapauxi.o(.text)
    __rt_heap_escrow                         0x08000537   Thumb Code     2  heapauxi.o(.text)
    __rt_heap_expand                         0x08000539   Thumb Code     2  heapauxi.o(.text)
    _printf_pre_padding                      0x0800053b   Thumb Code    44  _printf_pad.o(.text)
    _printf_post_padding                     0x08000567   Thumb Code    34  _printf_pad.o(.text)
    _printf_truncate_signed                  0x08000589   Thumb Code    18  _printf_truncate.o(.text)
    _printf_truncate_unsigned                0x0800059b   Thumb Code    18  _printf_truncate.o(.text)
    _printf_str                              0x080005ad   Thumb Code    82  _printf_str.o(.text)
    _printf_int_dec                          0x08000601   Thumb Code   104  _printf_dec.o(.text)
    _printf_charcount                        0x08000679   Thumb Code    40  _printf_charcount.o(.text)
    _printf_char_file                        0x080006a1   Thumb Code    32  _printf_char_file.o(.text)
    _printf_wctomb                           0x080006c5   Thumb Code   182  _printf_wctomb.o(.text)
    _printf_longlong_dec                     0x08000781   Thumb Code   108  _printf_longlong_dec.o(.text)
    _printf_longlong_oct                     0x080007fd   Thumb Code    68  _printf_oct_int_ll.o(.text)
    _printf_int_oct                          0x08000841   Thumb Code    24  _printf_oct_int_ll.o(.text)
    _printf_ll_oct                           0x08000859   Thumb Code    12  _printf_oct_int_ll.o(.text)
    _printf_longlong_hex                     0x0800086d   Thumb Code    86  _printf_hex_int_ll_ptr.o(.text)
    _printf_int_hex                          0x080008c3   Thumb Code    28  _printf_hex_int_ll_ptr.o(.text)
    _printf_ll_hex                           0x080008df   Thumb Code    12  _printf_hex_int_ll_ptr.o(.text)
    _printf_hex_ptr                          0x080008eb   Thumb Code    18  _printf_hex_int_ll_ptr.o(.text)
    __printf                                 0x08000901   Thumb Code   388  __printf_flags_ss_wp.o(.text)
    _ll_udiv10                               0x08000a89   Thumb Code   138  lludiv10.o(.text)
    _printf_int_common                       0x08000b13   Thumb Code   178  _printf_intcommon.o(.text)
    _printf_fp_dec_real                      0x08000d75   Thumb Code   620  _printf_fp_dec.o(.text)
    _printf_fp_hex_real                      0x08000fe1   Thumb Code   756  _printf_fp_hex.o(.text)
    _printf_char_common                      0x080012e7   Thumb Code    32  _printf_char_common.o(.text)
    _printf_cs_common                        0x0800130d   Thumb Code    20  _printf_char.o(.text)
    _printf_char                             0x08001321   Thumb Code    16  _printf_char.o(.text)
    _printf_string                           0x08001331   Thumb Code     8  _printf_char.o(.text)
    _printf_lcs_common                       0x08001339   Thumb Code    20  _printf_wchar.o(.text)
    _printf_wchar                            0x0800134d   Thumb Code    16  _printf_wchar.o(.text)
    _printf_wstring                          0x0800135d   Thumb Code     8  _printf_wchar.o(.text)
    ferror                                   0x08001365   Thumb Code     8  ferror.o(.text)
    _initio                                  0x0800136d   Thumb Code   210  initio.o(.text)
    _terminateio                             0x0800143f   Thumb Code    56  initio.o(.text)
    _c16rtomb                                0x080014a5   Thumb Code    72  _c16rtomb.o(.text)
    _wcrtomb                                 0x080014a5   Thumb Code     0  _c16rtomb.o(.text)
    __user_setup_stackheap                   0x080014ed   Thumb Code    74  sys_stackheap_outer.o(.text)
    __rt_ctype_table                         0x08001539   Thumb Code    16  rt_ctype_table.o(.text)
    __rt_locale                              0x08001549   Thumb Code     8  rt_locale_intlibspace.o(.text)
    free                                     0x08001551   Thumb Code    78  h1_free.o(.text)
    _printf_fp_infnan                        0x080015a1   Thumb Code   112  _printf_fp_infnan.o(.text)
    _btod_etento                             0x08001621   Thumb Code   224  bigflt0.o(.text)
    __flsbuf                                 0x08001705   Thumb Code   482  flsbuf.o(.text)
    __flsbuf_byte                            0x08001705   Thumb Code     0  flsbuf.o(.text)
    __flsbuf_wide                            0x08001705   Thumb Code     0  flsbuf.o(.text)
    setvbuf                                  0x080018e7   Thumb Code    70  setvbuf.o(.text)
    freopen                                  0x0800192d   Thumb Code   160  fopen.o(.text)
    fopen                                    0x080019cd   Thumb Code    74  fopen.o(.text)
    _fclose_internal                         0x08001a1d   Thumb Code    76  fclose.o(.text)
    fclose                                   0x08001a1d   Thumb Code     0  fclose.o(.text)
    exit                                     0x08001a69   Thumb Code    18  exit.o(.text)
    __rt_SIGRTRED                            0x08001a7b   Thumb Code    14  defsig_rtred_outer.o(.text)
    __user_libspace                          0x08001a89   Thumb Code     8  libspace.o(.text)
    __user_perproc_libspace                  0x08001a89   Thumb Code     0  libspace.o(.text)
    __user_perthread_libspace                0x08001a89   Thumb Code     0  libspace.o(.text)
    __rt_heap_descriptor                     0x08001a91   Thumb Code     8  rt_heap_descriptor_intlibspace.o(.text)
    __use_no_heap                            0x08001a99   Thumb Code     2  hguard.o(.text)
    __heap$guard                             0x08001a9b   Thumb Code     2  hguard.o(.text)
    _terminate_user_alloc                    0x08001a9d   Thumb Code     2  init_alloc.o(.text)
    _init_user_alloc                         0x08001a9f   Thumb Code     2  init_alloc.o(.text)
    __Heap_Full                              0x08001aa1   Thumb Code    34  init_alloc.o(.text)
    __Heap_Broken                            0x08001ac3   Thumb Code     6  init_alloc.o(.text)
    _init_alloc                              0x08001ac9   Thumb Code    94  init_alloc.o(.text)
    malloc                                   0x08001b27   Thumb Code    94  h1_alloc.o(.text)
    _fseek                                   0x08001b85   Thumb Code   242  fseek.o(.text)
    fseek                                    0x08001b85   Thumb Code     0  fseek.o(.text)
    _seterr                                  0x08001c7d   Thumb Code    20  stdio.o(.text)
    _writebuf                                0x08001c91   Thumb Code   108  stdio.o(.text)
    _fflush                                  0x08001cfd   Thumb Code    70  stdio.o(.text)
    _deferredlazyseek                        0x08001d43   Thumb Code    60  stdio.o(.text)
    __sig_exit                               0x08001d85   Thumb Code    10  defsig_exit.o(.text)
    __rt_SIGRTRED_inner                      0x08001d91   Thumb Code    14  defsig_rtred_inner.o(.text)
    _sys_exit                                0x08001dc5   Thumb Code     8  sys_exit.o(.text)
    __Heap_Initialize                        0x08001dd1   Thumb Code     8  h1_init.o(.text)
    _maybe_terminate_alloc                   0x08001dd1   Thumb Code     0  maybetermalloc1.o(.text)
    __Heap_DescSize                          0x08001dd9   Thumb Code     4  h1_init.o(.text)
    __Heap_ProvideMemory                     0x08001ddd   Thumb Code    52  h1_extend.o(.text)
    _ftell_internal                          0x08001e11   Thumb Code    66  ftell.o(.text)
    ftell                                    0x08001e11   Thumb Code     0  ftell.o(.text)
    __default_signal_display                 0x08001e53   Thumb Code    50  defsig_general.o(.text)
    __rt_SIGRTMEM                            0x08001e85   Thumb Code    14  defsig_rtmem_outer.o(.text)
    _ttywrch                                 0x08001e93   Thumb Code    14  sys_wrch.o(.text)
    __I$use$semihosting                      0x08001ea1   Thumb Code     0  use_no_semi.o(.text)
    __use_no_semihosting_swi                 0x08001ea1   Thumb Code     2  use_no_semi.o(.text)
    __semihosting_library_function           0x08001ea3   Thumb Code     0  indicate_semi.o(.text)
    __aeabi_errno_addr                       0x08001ea5   Thumb Code     8  rt_errno_addr_intlibspace.o(.text)
    __errno$intlibspace                      0x08001ea5   Thumb Code     0  rt_errno_addr_intlibspace.o(.text)
    __rt_errno_addr$intlibspace              0x08001ea5   Thumb Code     0  rt_errno_addr_intlibspace.o(.text)
    __rt_SIGRTMEM_inner                      0x08001ead   Thumb Code    22  defsig_rtmem_inner.o(.text)
    BusFault_Handler                         0x08002089   Thumb Code     4  stm32f4xx_it.o(.text.BusFault_Handler)
    Buttons_Initialize                       0x0800208d   Thumb Code    76  buttons_nucleo_f401re.o(.text.Buttons_Initialize)
    DebugMon_Handler                         0x080020d9   Thumb Code     2  stm32f4xx_it.o(.text.DebugMon_Handler)
    Error_Handler                            0x080020dd   Thumb Code     6  main.o(.text.Error_Handler)
    HAL_ADC_ConfigChannel                    0x080020e5   Thumb Code   536  stm32f4xx_hal_adc.o(.text.HAL_ADC_ConfigChannel)
    HAL_ADC_Init                             0x080022fd   Thumb Code   168  stm32f4xx_hal_adc.o(.text.HAL_ADC_Init)
    HAL_ADC_MspInit                          0x080023a5   Thumb Code   134  stm32f4xx_hal_msp.o(.text.HAL_ADC_MspInit)
    HAL_Delay                                0x0800242d   Thumb Code    66  stm32f4xx_hal.o(.text.HAL_Delay)
    HAL_GPIO_Init                            0x08002471   Thumb Code   866  stm32f4xx_hal_gpio.o(.text.HAL_GPIO_Init)
    HAL_GPIO_WritePin                        0x080027d5   Thumb Code    46  stm32f4xx_hal_gpio.o(.text.HAL_GPIO_WritePin)
    HAL_GetTick                              0x08002805   Thumb Code    12  stm32f4xx_hal.o(.text.HAL_GetTick)
    HAL_IncTick                              0x08002811   Thumb Code    26  stm32f4xx_hal.o(.text.HAL_IncTick)
    HAL_Init                                 0x0800282d   Thumb Code    54  stm32f4xx_hal.o(.text.HAL_Init)
    HAL_InitTick                             0x08002865   Thumb Code   112  stm32f4xx_hal.o(.text.HAL_InitTick)
    HAL_MspInit                              0x080028d5   Thumb Code    74  stm32f4xx_hal_msp.o(.text.HAL_MspInit)
    HAL_NVIC_SetPriority                     0x08002921   Thumb Code    50  stm32f4xx_hal_cortex.o(.text.HAL_NVIC_SetPriority)
    HAL_NVIC_SetPriorityGrouping             0x08002955   Thumb Code    16  stm32f4xx_hal_cortex.o(.text.HAL_NVIC_SetPriorityGrouping)
    HAL_RCC_ClockConfig                      0x08002965   Thumb Code   610  stm32f4xx_hal_rcc.o(.text.HAL_RCC_ClockConfig)
    HAL_RCC_GetHCLKFreq                      0x08002bc9   Thumb Code    12  stm32f4xx_hal_rcc.o(.text.HAL_RCC_GetHCLKFreq)
    HAL_RCC_GetPCLK1Freq                     0x08002bd5   Thumb Code    34  stm32f4xx_hal_rcc.o(.text.HAL_RCC_GetPCLK1Freq)
    HAL_RCC_GetPCLK2Freq                     0x08002bf9   Thumb Code    34  stm32f4xx_hal_rcc.o(.text.HAL_RCC_GetPCLK2Freq)
    HAL_RCC_GetSysClockFreq                  0x08002c1d   Thumb Code   230  stm32f4xx_hal_rcc.o(.text.HAL_RCC_GetSysClockFreq)
    HAL_RCC_OscConfig                        0x08002d05   Thumb Code  1726  stm32f4xx_hal_rcc.o(.text.HAL_RCC_OscConfig)
    HAL_SYSTICK_Config                       0x080033c5   Thumb Code    16  stm32f4xx_hal_cortex.o(.text.HAL_SYSTICK_Config)
    HAL_TIMEx_MasterConfigSynchronization    0x080033d5   Thumb Code   254  stm32f4xx_hal_tim_ex.o(.text.HAL_TIMEx_MasterConfigSynchronization)
    HAL_TIM_MspPostInit                      0x080034d5   Thumb Code   176  stm32f4xx_hal_msp.o(.text.HAL_TIM_MspPostInit)
    HAL_TIM_PWM_ConfigChannel                0x08003585   Thumb Code   322  stm32f4xx_hal_tim.o(.text.HAL_TIM_PWM_ConfigChannel)
    HAL_TIM_PWM_Init                         0x080036c9   Thumb Code   156  stm32f4xx_hal_tim.o(.text.HAL_TIM_PWM_Init)
    HAL_TIM_PWM_MspInit                      0x08003765   Thumb Code    62  stm32f4xx_hal_msp.o(.text.HAL_TIM_PWM_MspInit)
    HAL_UART_Init                            0x080037a5   Thumb Code   158  stm32f4xx_hal_uart.o(.text.HAL_UART_Init)
    HAL_UART_MspInit                         0x08003845   Thumb Code   140  stm32f4xx_hal_msp.o(.text.HAL_UART_MspInit)
    HAL_UART_Transmit                        0x080038d1   Thumb Code   304  stm32f4xx_hal_uart.o(.text.HAL_UART_Transmit)
    HardFault_Handler                        0x08003a01   Thumb Code     4  stm32f4xx_it.o(.text.HardFault_Handler)
    LED_GetCount                             0x08003a05   Thumb Code     4  led_nucleo_f401re.o(.text.LED_GetCount)
    LED_Initialize                           0x08003a09   Thumb Code    92  led_nucleo_f401re.o(.text.LED_Initialize)
    LED_Off                                  0x08003a65   Thumb Code    54  led_nucleo_f401re.o(.text.LED_Off)
    LED_On                                   0x08003a9d   Thumb Code    52  led_nucleo_f401re.o(.text.LED_On)
    MemManage_Handler                        0x08003ddd   Thumb Code     4  stm32f4xx_it.o(.text.MemManage_Handler)
    NMI_Handler                              0x08003de1   Thumb Code     4  stm32f4xx_it.o(.text.NMI_Handler)
    PendSV_Handler                           0x08003e51   Thumb Code     2  stm32f4xx_it.o(.text.PendSV_Handler)
    SVC_Handler                              0x08003e55   Thumb Code     2  stm32f4xx_it.o(.text.SVC_Handler)
    SysTick_Handler                          0x08003f01   Thumb Code    26  main.o(.text.SysTick_Handler)
    SystemClock_Config                       0x08003f1d   Thumb Code   184  main.o(.text.SystemClock_Config)
    SystemInit                               0x08003fd5   Thumb Code    18  system_stm32f4xx_1.o(.text.SystemInit)
    TIM_Base_SetConfig                       0x08003fe9   Thumb Code   324  stm32f4xx_hal_tim.o(.text.TIM_Base_SetConfig)
    TIM_OC2_SetConfig                        0x080041f9   Thumb Code   212  stm32f4xx_hal_tim.o(.text.TIM_OC2_SetConfig)
    UART_direct_msg_put                      0x080046e1   Thumb Code    96  uart_poll.o(.text.UART_direct_msg_put)
    UART_get                                 0x08004741   Thumb Code    98  uart_poll.o(.text.UART_get)
    UART_input                               0x080047a5   Thumb Code    52  uart_poll.o(.text.UART_input)
    UART_msg_process                         0x080047d9   Thumb Code   514  monitor.o(.text.UART_msg_process)
    UART_msg_put                             0x080049dd   Thumb Code    82  uart_poll.o(.text.UART_msg_put)
    UART_put                                 0x08004a31   Thumb Code    68  uart_poll.o(.text.UART_put)
    UsageFault_Handler                       0x08004a75   Thumb Code     4  stm32f4xx_it.o(.text.UsageFault_Handler)
    _sys_close                               0x08004b4d   Thumb Code    74  retarget_io.o(.text._sys_close)
    _sys_flen                                0x08004b99   Thumb Code    72  retarget_io.o(.text._sys_flen)
    _sys_istty                               0x08004be1   Thumb Code    72  retarget_io.o(.text._sys_istty)
    _sys_open                                0x08004c29   Thumb Code   132  retarget_io.o(.text._sys_open)
    _sys_seek                                0x08004cad   Thumb Code    82  retarget_io.o(.text._sys_seek)
    _sys_write                               0x08004d01   Thumb Code   118  retarget_io.o(.text._sys_write)
    chk_UART_msg                             0x08004d79   Thumb Code   336  monitor.o(.text.chk_UART_msg)
    main                                     0x08004ec9   Thumb Code   292  main.o(.text.main)
    monitor                                  0x08004fed   Thumb Code   250  monitor.o(.text.monitor)
    serial                                   0x080050e9   Thumb Code   374  uart_poll.o(.text.serial)
    set_display_mode                         0x08005261   Thumb Code    76  monitor.o(.text.set_display_mode)
    stdout_putchar                           0x080052ad   Thumb Code    34  main.o(.text.stdout_putchar)
    timer0                                   0x080052d1   Thumb Code   606  timer0.o(.text.timer0)
    _btod_d2e                                0x0800552f   Thumb Code    62  btod.o(CL$$btod_d2e)
    _d2e_denorm_low                          0x0800556d   Thumb Code    70  btod.o(CL$$btod_d2e_denorm_low)
    _d2e_norm_op1                            0x080055b3   Thumb Code    96  btod.o(CL$$btod_d2e_norm_op1)
    __btod_div_common                        0x08005615   Thumb Code   696  btod.o(CL$$btod_div_common)
    _e2e                                     0x0800594d   Thumb Code   220  btod.o(CL$$btod_e2e)
    _btod_ediv                               0x08005a29   Thumb Code    42  btod.o(CL$$btod_ediv)
    _btod_emul                               0x08005a53   Thumb Code    42  btod.o(CL$$btod_emul)
    __btod_mult_common                       0x08005a7d   Thumb Code   580  btod.o(CL$$btod_mult_common)
    __ARM_fpclassify                         0x08005cc1   Thumb Code    48  fpclassify.o(i.__ARM_fpclassify)
    _is_digit                                0x08005cf1   Thumb Code    14  __printf_wp.o(i._is_digit)
    fputc                                    0x08005cff   Thumb Code    28  fputc.o(i.fputc)
    _get_lc_numeric                          0x08005d1d   Thumb Code    44  lc_numeric_c.o(locale$$code)
    _get_lc_ctype                            0x08005d49   Thumb Code    44  lc_ctype_c.o(locale$$code)
    _fp_init                                 0x08005d75   Thumb Code    26  fpinit.o(x$fpl$fpinit)
    __fplib_config_fpu_vfp                   0x08005d8d   Thumb Code     0  fpinit.o(x$fpl$fpinit)
    __fplib_config_pureend_doubles           0x08005d8d   Thumb Code     0  fpinit.o(x$fpl$fpinit)
    _printf_fp_dec                           0x08005d8f   Thumb Code     4  printf1.o(x$fpl$printf1)
    _printf_fp_hex                           0x08005d93   Thumb Code     4  printf2.o(x$fpl$printf2)
    __I$use$fp                               0x08005d96   Number         0  usenofp.o(x$fpl$usenofp)
    AHBPrescTable                            0x08005e94   Data          16  system_stm32f4xx_1.o(.rodata.AHBPrescTable)
    APBPrescTable                            0x08005ea4   Data           8  system_stm32f4xx_1.o(.rodata.APBPrescTable)
    __stderr_name                            0x08005eac   Data           8  retarget_io.o(.rodata.__stderr_name)
    __stdin_name                             0x08005eb4   Data           7  retarget_io.o(.rodata.__stdin_name)
    __stdout_name                            0x08005ebb   Data           8  retarget_io.o(.rodata.__stdout_name)
    led_mask                                 0x08005ec4   Data           4  led_nucleo_f401re.o(.rodata.led_mask)
    Region$$Table$$Base                      0x08006050   Number         0  anon$$obj.o(Region$$Table)
    Region$$Table$$Limit                     0x08006070   Number         0  anon$$obj.o(Region$$Table)
    __ctype                                  0x08006099   Data           0  lc_ctype_c.o(locale$$data)
    __aeabi_stdin                            0x20000000   Data           4  stdio_streams.o(.data)
    __aeabi_stdout                           0x20000004   Data           4  stdio_streams.o(.data)
    __aeabi_stderr                           0x20000008   Data           4  stdio_streams.o(.data)
    SystemCoreClock                          0x2000000c   Data           4  system_stm32f4xx_1.o(.data.SystemCoreClock)
    uwTickFreq                               0x20000010   Data           1  stm32f4xx_hal.o(.data.uwTickFreq)
    uwTickPrio                               0x20000014   Data           4  stm32f4xx_hal.o(.data.uwTickPrio)
    __stdin                                  0x20000018   Data          84  stdio_streams.o(.bss)
    __stdout                                 0x2000006c   Data          84  stdio_streams.o(.bss)
    __stderr                                 0x200000c0   Data          84  stdio_streams.o(.bss)
    __libspace_start                         0x20000114   Data          96  libspace.o(.bss)
    SwTimerIsrCounter                        0x20000174   Data           2  timer0.o(.bss.SwTimerIsrCounter)
    __temporary_stack_top$libspace           0x20000174   Data           0  libspace.o(.bss)
    display_flag                             0x20000176   Data           1  timer0.o(.bss.display_flag)
    display_mode                             0x20000177   Data           1  main.o(.bss.display_mode)
    display_timer                            0x20000178   Data           1  timer0.o(.bss.display_timer)
    error_count                              0x20000179   Data           1  uart_poll.o(.bss.error_count)
    hadc1                                    0x2000017c   Data          72  main.o(.bss.hadc1)
    htim3                                    0x200001c4   Data          72  main.o(.bss.htim3)
    huart2                                   0x2000020c   Data          72  main.o(.bss.huart2)
    msTicks                                  0x20000258   Data           4  main.o(.bss.msTicks)
    msg_buf                                  0x2000025c   Data          10  main.o(.bss.msg_buf)
    msg_buf_idx                              0x20000266   Data           1  main.o(.bss.msg_buf_idx)
    rx_buf                                   0x20000267   Data          10  main.o(.bss.rx_buf)
    rx_in_ptr                                0x20000274   Data           4  main.o(.bss.rx_in_ptr)
    rx_out_ptr                               0x20000278   Data           4  main.o(.bss.rx_out_ptr)
    serial_flag                              0x2000027c   Data           1  main.o(.bss.serial_flag)
    swtimer0                                 0x2000027d   Data           1  timer0.o(.bss.swtimer0)
    swtimer1                                 0x2000027e   Data           1  timer0.o(.bss.swtimer1)
    swtimer2                                 0x2000027f   Data           1  timer0.o(.bss.swtimer2)
    swtimer3                                 0x20000280   Data           1  timer0.o(.bss.swtimer3)
    swtimer4                                 0x20000281   Data           1  timer0.o(.bss.swtimer4)
    swtimer5                                 0x20000282   Data           1  timer0.o(.bss.swtimer5)
    swtimer6                                 0x20000283   Data           1  timer0.o(.bss.swtimer6)
    swtimer7                                 0x20000284   Data           1  timer0.o(.bss.swtimer7)
    tx_buf                                   0x20000289   Data          40  main.o(.bss.tx_buf)
    tx_in_progress                           0x200002b1   Data           1  main.o(.bss.tx_in_progress)
    tx_in_ptr                                0x200002b4   Data           4  main.o(.bss.tx_in_ptr)
    tx_out_ptr                               0x200002b8   Data           4  main.o(.bss.tx_out_ptr)
    uwTick                                   0x200002bc   Data           4  stm32f4xx_hal.o(.bss.uwTick)



==============================================================================

Memory Map of the image

  Image Entry point : 0x08000195

  Load Region LR_IROM1 (Base: 0x08000000, Size: 0x000061b8, Max: 0x00080000, ABSOLUTE)

    Execution Region ER_IROM1 (Exec base: 0x08000000, Load base: 0x08000000, Size: 0x0000619c, Max: 0x00080000, ABSOLUTE)

    Exec Addr    Load Addr    Size         Type   Attr      Idx    E Section Name        Object

    0x08000000   0x08000000   0x00000194   Data   RO         1562    RESET               startup_stm32f401xe_1.o
    0x08000194   0x08000194   0x00000008   Code   RO         1595  * !!!main             c_w.l(__main.o)
    0x0800019c   0x0800019c   0x0000005c   Code   RO         2114    !!!scatter          c_w.l(__scatter.o)
    0x080001f8   0x080001f8   0x0000001a   Code   RO         2118    !!handler_copy      c_w.l(__scatter_copy.o)
    0x08000212   0x08000212   0x00000002   PAD
    0x08000214   0x08000214   0x00000002   Code   RO         2115    !!handler_null      c_w.l(__scatter.o)
    0x08000216   0x08000216   0x00000002   PAD
    0x08000218   0x08000218   0x0000001c   Code   RO         2120    !!handler_zi        c_w.l(__scatter_zi.o)
    0x08000234   0x08000234   0x00000000   Code   RO         1681    .ARM.Collect$$_printf_percent$$00000000  c_w.l(_printf_percent.o)
    0x08000234   0x08000234   0x00000006   Code   RO         1670    .ARM.Collect$$_printf_percent$$00000001  c_w.l(_printf_n.o)
    0x0800023a   0x0800023a   0x00000006   Code   RO         1672    .ARM.Collect$$_printf_percent$$00000002  c_w.l(_printf_p.o)
    0x08000240   0x08000240   0x00000006   Code   RO         1677    .ARM.Collect$$_printf_percent$$00000003  c_w.l(_printf_f.o)
    0x08000246   0x08000246   0x00000006   Code   RO         1678    .ARM.Collect$$_printf_percent$$00000004  c_w.l(_printf_e.o)
    0x0800024c   0x0800024c   0x00000006   Code   RO         1679    .ARM.Collect$$_printf_percent$$00000005  c_w.l(_printf_g.o)
    0x08000252   0x08000252   0x00000006   Code   RO         1680    .ARM.Collect$$_printf_percent$$00000006  c_w.l(_printf_a.o)
    0x08000258   0x08000258   0x0000000a   Code   RO         1685    .ARM.Collect$$_printf_percent$$00000007  c_w.l(_printf_ll.o)
    0x08000262   0x08000262   0x00000006   Code   RO         1674    .ARM.Collect$$_printf_percent$$00000008  c_w.l(_printf_i.o)
    0x08000268   0x08000268   0x00000006   Code   RO         1675    .ARM.Collect$$_printf_percent$$00000009  c_w.l(_printf_d.o)
    0x0800026e   0x0800026e   0x00000006   Code   RO         1676    .ARM.Collect$$_printf_percent$$0000000A  c_w.l(_printf_u.o)
    0x08000274   0x08000274   0x00000006   Code   RO         1673    .ARM.Collect$$_printf_percent$$0000000B  c_w.l(_printf_o.o)
    0x0800027a   0x0800027a   0x00000006   Code   RO         1671    .ARM.Collect$$_printf_percent$$0000000C  c_w.l(_printf_x.o)
    0x08000280   0x08000280   0x00000006   Code   RO         1682    .ARM.Collect$$_printf_percent$$0000000D  c_w.l(_printf_lli.o)
    0x08000286   0x08000286   0x00000006   Code   RO         1683    .ARM.Collect$$_printf_percent$$0000000E  c_w.l(_printf_lld.o)
    0x0800028c   0x0800028c   0x00000006   Code   RO         1684    .ARM.Collect$$_printf_percent$$0000000F  c_w.l(_printf_llu.o)
    0x08000292   0x08000292   0x00000006   Code   RO         1689    .ARM.Collect$$_printf_percent$$00000010  c_w.l(_printf_llo.o)
    0x08000298   0x08000298   0x00000006   Code   RO         1690    .ARM.Collect$$_printf_percent$$00000011  c_w.l(_printf_llx.o)
    0x0800029e   0x0800029e   0x0000000a   Code   RO         1686    .ARM.Collect$$_printf_percent$$00000012  c_w.l(_printf_l.o)
    0x080002a8   0x080002a8   0x00000006   Code   RO         1668    .ARM.Collect$$_printf_percent$$00000013  c_w.l(_printf_c.o)
    0x080002ae   0x080002ae   0x00000006   Code   RO         1669    .ARM.Collect$$_printf_percent$$00000014  c_w.l(_printf_s.o)
    0x080002b4   0x080002b4   0x00000006   Code   RO         1687    .ARM.Collect$$_printf_percent$$00000015  c_w.l(_printf_lc.o)
    0x080002ba   0x080002ba   0x00000006   Code   RO         1688    .ARM.Collect$$_printf_percent$$00000016  c_w.l(_printf_ls.o)
    0x080002c0   0x080002c0   0x00000004   Code   RO         1739    .ARM.Collect$$_printf_percent$$00000017  c_w.l(_printf_percent_end.o)
    0x080002c4   0x080002c4   0x00000002   Code   RO         1885    .ARM.Collect$$libinit$$00000000  c_w.l(libinit.o)
    0x080002c6   0x080002c6   0x00000004   Code   RO         1886    .ARM.Collect$$libinit$$00000001  c_w.l(libinit2.o)
    0x080002ca   0x080002ca   0x00000000   Code   RO         1889    .ARM.Collect$$libinit$$00000004  c_w.l(libinit2.o)
    0x080002ca   0x080002ca   0x00000000   Code   RO         1891    .ARM.Collect$$libinit$$00000006  c_w.l(libinit2.o)
    0x080002ca   0x080002ca   0x00000008   Code   RO         1892    .ARM.Collect$$libinit$$00000007  c_w.l(libinit2.o)
    0x080002d2   0x080002d2   0x00000000   Code   RO         1894    .ARM.Collect$$libinit$$0000000C  c_w.l(libinit2.o)
    0x080002d2   0x080002d2   0x00000000   Code   RO         1896    .ARM.Collect$$libinit$$0000000E  c_w.l(libinit2.o)
    0x080002d2   0x080002d2   0x00000000   Code   RO         1898    .ARM.Collect$$libinit$$00000010  c_w.l(libinit2.o)
    0x080002d2   0x080002d2   0x00000006   Code   RO         1899    .ARM.Collect$$libinit$$00000011  c_w.l(libinit2.o)
    0x080002d8   0x080002d8   0x00000000   Code   RO         1901    .ARM.Collect$$libinit$$00000013  c_w.l(libinit2.o)
    0x080002d8   0x080002d8   0x0000000c   Code   RO         1902    .ARM.Collect$$libinit$$00000014  c_w.l(libinit2.o)
    0x080002e4   0x080002e4   0x00000000   Code   RO         1903    .ARM.Collect$$libinit$$00000015  c_w.l(libinit2.o)
    0x080002e4   0x080002e4   0x00000000   Code   RO         1905    .ARM.Collect$$libinit$$00000017  c_w.l(libinit2.o)
    0x080002e4   0x080002e4   0x0000000a   Code   RO         1906    .ARM.Collect$$libinit$$00000018  c_w.l(libinit2.o)
    0x080002ee   0x080002ee   0x00000000   Code   RO         1907    .ARM.Collect$$libinit$$00000019  c_w.l(libinit2.o)
    0x080002ee   0x080002ee   0x00000000   Code   RO         1909    .ARM.Collect$$libinit$$0000001B  c_w.l(libinit2.o)
    0x080002ee   0x080002ee   0x00000000   Code   RO         1911    .ARM.Collect$$libinit$$0000001D  c_w.l(libinit2.o)
    0x080002ee   0x080002ee   0x00000000   Code   RO         1913    .ARM.Collect$$libinit$$0000001F  c_w.l(libinit2.o)
    0x080002ee   0x080002ee   0x00000000   Code   RO         1915    .ARM.Collect$$libinit$$00000021  c_w.l(libinit2.o)
    0x080002ee   0x080002ee   0x00000000   Code   RO         1917    .ARM.Collect$$libinit$$00000023  c_w.l(libinit2.o)
    0x080002ee   0x080002ee   0x00000000   Code   RO         1919    .ARM.Collect$$libinit$$00000025  c_w.l(libinit2.o)
    0x080002ee   0x080002ee   0x00000004   Code   RO         1920    .ARM.Collect$$libinit$$00000026  c_w.l(libinit2.o)
    0x080002f2   0x080002f2   0x00000000   Code   RO         1921    .ARM.Collect$$libinit$$00000027  c_w.l(libinit2.o)
    0x080002f2   0x080002f2   0x00000000   Code   RO         1925    .ARM.Collect$$libinit$$0000002E  c_w.l(libinit2.o)
    0x080002f2   0x080002f2   0x00000000   Code   RO         1927    .ARM.Collect$$libinit$$00000030  c_w.l(libinit2.o)
    0x080002f2   0x080002f2   0x00000000   Code   RO         1929    .ARM.Collect$$libinit$$00000032  c_w.l(libinit2.o)
    0x080002f2   0x080002f2   0x00000000   Code   RO         1931    .ARM.Collect$$libinit$$00000034  c_w.l(libinit2.o)
    0x080002f2   0x080002f2   0x00000002   Code   RO         1932    .ARM.Collect$$libinit$$00000035  c_w.l(libinit2.o)
    0x080002f4   0x080002f4   0x00000002   Code   RO         2095    .ARM.Collect$$libshutdown$$00000000  c_w.l(libshutdown.o)
    0x080002f6   0x080002f6   0x00000000   Code   RO         1934    .ARM.Collect$$libshutdown$$00000002  c_w.l(libshutdown2.o)
    0x080002f6   0x080002f6   0x00000004   Code   RO         1935    .ARM.Collect$$libshutdown$$00000003  c_w.l(libshutdown2.o)
    0x080002fa   0x080002fa   0x00000000   Code   RO         1936    .ARM.Collect$$libshutdown$$00000004  c_w.l(libshutdown2.o)
    0x080002fa   0x080002fa   0x00000000   Code   RO         1939    .ARM.Collect$$libshutdown$$00000007  c_w.l(libshutdown2.o)
    0x080002fa   0x080002fa   0x00000000   Code   RO         1942    .ARM.Collect$$libshutdown$$0000000A  c_w.l(libshutdown2.o)
    0x080002fa   0x080002fa   0x00000000   Code   RO         1944    .ARM.Collect$$libshutdown$$0000000C  c_w.l(libshutdown2.o)
    0x080002fa   0x080002fa   0x00000000   Code   RO         1947    .ARM.Collect$$libshutdown$$0000000F  c_w.l(libshutdown2.o)
    0x080002fa   0x080002fa   0x00000002   Code   RO         1948    .ARM.Collect$$libshutdown$$00000010  c_w.l(libshutdown2.o)
    0x080002fc   0x080002fc   0x00000000   Code   RO         1597    .ARM.Collect$$rtentry$$00000000  c_w.l(__rtentry.o)
    0x080002fc   0x080002fc   0x00000000   Code   RO         1706    .ARM.Collect$$rtentry$$00000002  c_w.l(__rtentry2.o)
    0x080002fc   0x080002fc   0x00000006   Code   RO         1718    .ARM.Collect$$rtentry$$00000004  c_w.l(__rtentry4.o)
    0x08000302   0x08000302   0x00000000   Code   RO         1708    .ARM.Collect$$rtentry$$00000009  c_w.l(__rtentry2.o)
    0x08000302   0x08000302   0x00000004   Code   RO         1709    .ARM.Collect$$rtentry$$0000000A  c_w.l(__rtentry2.o)
    0x08000306   0x08000306   0x00000000   Code   RO         1711    .ARM.Collect$$rtentry$$0000000C  c_w.l(__rtentry2.o)
    0x08000306   0x08000306   0x00000008   Code   RO         1712    .ARM.Collect$$rtentry$$0000000D  c_w.l(__rtentry2.o)
    0x0800030e   0x0800030e   0x00000002   Code   RO         1959    .ARM.Collect$$rtexit$$00000000  c_w.l(rtexit.o)
    0x08000310   0x08000310   0x00000000   Code   RO         2022    .ARM.Collect$$rtexit$$00000002  c_w.l(rtexit2.o)
    0x08000310   0x08000310   0x00000004   Code   RO         2023    .ARM.Collect$$rtexit$$00000003  c_w.l(rtexit2.o)
    0x08000314   0x08000314   0x00000006   Code   RO         2024    .ARM.Collect$$rtexit$$00000004  c_w.l(rtexit2.o)
    0x0800031a   0x0800031a   0x00000002   PAD
    0x0800031c   0x0800031c   0x00000040   Code   RO         1563    .text               startup_stm32f401xe_1.o
    0x0800035c   0x0800035c   0x000000f0   Code   RO         1585    .text               c_w.l(lludivv7m.o)
    0x0800044c   0x0800044c   0x00000018   Code   RO         1587    .text               c_w.l(printf.o)
    0x08000464   0x08000464   0x0000004e   Code   RO         1589    .text               c_w.l(rt_memclr_w.o)
    0x080004b2   0x080004b2   0x00000006   PAD
    0x080004b8   0x080004b8   0x0000007c   Code   RO         1591    .text               c_w.l(strcmpv7em.o)
    0x08000534   0x08000534   0x00000006   Code   RO         1593    .text               c_w.l(heapauxi.o)
    0x0800053a   0x0800053a   0x0000004e   Code   RO         1604    .text               c_w.l(_printf_pad.o)
    0x08000588   0x08000588   0x00000024   Code   RO         1606    .text               c_w.l(_printf_truncate.o)
    0x080005ac   0x080005ac   0x00000052   Code   RO         1608    .text               c_w.l(_printf_str.o)
    0x080005fe   0x080005fe   0x00000002   PAD
    0x08000600   0x08000600   0x00000078   Code   RO         1610    .text               c_w.l(_printf_dec.o)
    0x08000678   0x08000678   0x00000028   Code   RO         1612    .text               c_w.l(_printf_charcount.o)
    0x080006a0   0x080006a0   0x00000024   Code   RO         1614    .text               c_w.l(_printf_char_file.o)
    0x080006c4   0x080006c4   0x000000bc   Code   RO         1616    .text               c_w.l(_printf_wctomb.o)
    0x08000780   0x08000780   0x0000007c   Code   RO         1619    .text               c_w.l(_printf_longlong_dec.o)
    0x080007fc   0x080007fc   0x00000070   Code   RO         1625    .text               c_w.l(_printf_oct_int_ll.o)
    0x0800086c   0x0800086c   0x00000094   Code   RO         1645    .text               c_w.l(_printf_hex_int_ll_ptr.o)
    0x08000900   0x08000900   0x00000188   Code   RO         1665    .text               c_w.l(__printf_flags_ss_wp.o)
    0x08000a88   0x08000a88   0x0000008a   Code   RO         1722    .text               c_w.l(lludiv10.o)
    0x08000b12   0x08000b12   0x000000b2   Code   RO         1724    .text               c_w.l(_printf_intcommon.o)
    0x08000bc4   0x08000bc4   0x0000041c   Code   RO         1726    .text               c_w.l(_printf_fp_dec.o)
    0x08000fe0   0x08000fe0   0x000002fc   Code   RO         1730    .text               c_w.l(_printf_fp_hex.o)
    0x080012dc   0x080012dc   0x00000030   Code   RO         1733    .text               c_w.l(_printf_char_common.o)
    0x0800130c   0x0800130c   0x0000002c   Code   RO         1735    .text               c_w.l(_printf_char.o)
    0x08001338   0x08001338   0x0000002c   Code   RO         1737    .text               c_w.l(_printf_wchar.o)
    0x08001364   0x08001364   0x00000008   Code   RO         1740    .text               c_w.l(ferror.o)
    0x0800136c   0x0800136c   0x00000138   Code   RO         1746    .text               c_w.l(initio.o)
    0x080014a4   0x080014a4   0x00000048   Code   RO         1754    .text               c_w.l(_c16rtomb.o)
    0x080014ec   0x080014ec   0x0000004a   Code   RO         1758    .text               c_w.l(sys_stackheap_outer.o)
    0x08001536   0x08001536   0x00000002   PAD
    0x08001538   0x08001538   0x00000010   Code   RO         1760    .text               c_w.l(rt_ctype_table.o)
    0x08001548   0x08001548   0x00000008   Code   RO         1765    .text               c_w.l(rt_locale_intlibspace.o)
    0x08001550   0x08001550   0x0000004e   Code   RO         1769    .text               c_w.l(h1_free.o)
    0x0800159e   0x0800159e   0x00000002   PAD
    0x080015a0   0x080015a0   0x00000080   Code   RO         1823    .text               c_w.l(_printf_fp_infnan.o)
    0x08001620   0x08001620   0x000000e4   Code   RO         1827    .text               c_w.l(bigflt0.o)
    0x08001704   0x08001704   0x000001e2   Code   RO         1854    .text               c_w.l(flsbuf.o)
    0x080018e6   0x080018e6   0x00000046   Code   RO         1856    .text               c_w.l(setvbuf.o)
    0x0800192c   0x0800192c   0x000000f0   Code   RO         1859    .text               c_w.l(fopen.o)
    0x08001a1c   0x08001a1c   0x0000004c   Code   RO         1861    .text               c_w.l(fclose.o)
    0x08001a68   0x08001a68   0x00000012   Code   RO         1870    .text               c_w.l(exit.o)
    0x08001a7a   0x08001a7a   0x0000000e   Code   RO         1876    .text               c_w.l(defsig_rtred_outer.o)
    0x08001a88   0x08001a88   0x00000008   Code   RO         1956    .text               c_w.l(libspace.o)
    0x08001a90   0x08001a90   0x00000008   Code   RO         1966    .text               c_w.l(rt_heap_descriptor_intlibspace.o)
    0x08001a98   0x08001a98   0x00000004   Code   RO         1968    .text               c_w.l(hguard.o)
    0x08001a9c   0x08001a9c   0x0000008a   Code   RO         1970    .text               c_w.l(init_alloc.o)
    0x08001b26   0x08001b26   0x0000005e   Code   RO         1976    .text               c_w.l(h1_alloc.o)
    0x08001b84   0x08001b84   0x000000f8   Code   RO         1992    .text               c_w.l(fseek.o)
    0x08001c7c   0x08001c7c   0x00000108   Code   RO         1994    .text               c_w.l(stdio.o)
    0x08001d84   0x08001d84   0x0000000a   Code   RO         2003    .text               c_w.l(defsig_exit.o)
    0x08001d8e   0x08001d8e   0x00000002   PAD
    0x08001d90   0x08001d90   0x00000034   Code   RO         2007    .text               c_w.l(defsig_rtred_inner.o)
    0x08001dc4   0x08001dc4   0x0000000c   Code   RO         2017    .text               c_w.l(sys_exit.o)
    0x08001dd0   0x08001dd0   0x00000000   Code   RO         2028    .text               c_w.l(maybetermalloc1.o)
    0x08001dd0   0x08001dd0   0x0000000c   Code   RO         2030    .text               c_w.l(h1_init.o)
    0x08001ddc   0x08001ddc   0x00000034   Code   RO         2032    .text               c_w.l(h1_extend.o)
    0x08001e10   0x08001e10   0x00000042   Code   RO         2044    .text               c_w.l(ftell.o)
    0x08001e52   0x08001e52   0x00000032   Code   RO         2052    .text               c_w.l(defsig_general.o)
    0x08001e84   0x08001e84   0x0000000e   Code   RO         2054    .text               c_w.l(defsig_rtmem_outer.o)
    0x08001e92   0x08001e92   0x0000000e   Code   RO         2069    .text               c_w.l(sys_wrch.o)
    0x08001ea0   0x08001ea0   0x00000002   Code   RO         2077    .text               c_w.l(use_no_semi.o)
    0x08001ea2   0x08001ea2   0x00000000   Code   RO         2079    .text               c_w.l(indicate_semi.o)
    0x08001ea2   0x08001ea2   0x00000002   PAD
    0x08001ea4   0x08001ea4   0x00000008   Code   RO         2083    .text               c_w.l(rt_errno_addr_intlibspace.o)
    0x08001eac   0x08001eac   0x00000050   Code   RO         2089    .text               c_w.l(defsig_rtmem_inner.o)
    0x08001efc   0x08001efc   0x0000018a   Code   RO          184    .text.ADC_Init      stm32f4xx_hal_adc.o
    0x08002086   0x08002086   0x00000002   PAD
    0x08002088   0x08002088   0x00000004   Code   RO          128    .text.BusFault_Handler  stm32f4xx_it.o
    0x0800208c   0x0800208c   0x0000004c   Code   RO         1501    .text.Buttons_Initialize  buttons_nucleo_f401re.o
    0x080020d8   0x080020d8   0x00000002   Code   RO          134    .text.DebugMon_Handler  stm32f4xx_it.o
    0x080020da   0x080020da   0x00000002   PAD
    0x080020dc   0x080020dc   0x00000006   Code   RO           93    .text.Error_Handler  main.o
    0x080020e2   0x080020e2   0x00000002   PAD
    0x080020e4   0x080020e4   0x00000218   Code   RO          224    .text.HAL_ADC_ConfigChannel  stm32f4xx_hal_adc.o
    0x080022fc   0x080022fc   0x000000a8   Code   RO          180    .text.HAL_ADC_Init  stm32f4xx_hal_adc.o
    0x080023a4   0x080023a4   0x00000086   Code   RO          147    .text.HAL_ADC_MspInit  stm32f4xx_hal_msp.o
    0x0800242a   0x0800242a   0x00000002   PAD
    0x0800242c   0x0800242c   0x00000042   Code   RO          666    .text.HAL_Delay     stm32f4xx_hal.o
    0x0800246e   0x0800246e   0x00000002   PAD
    0x08002470   0x08002470   0x00000362   Code   RO          425    .text.HAL_GPIO_Init  stm32f4xx_hal_gpio.o
    0x080027d2   0x080027d2   0x00000002   PAD
    0x080027d4   0x080027d4   0x0000002e   Code   RO          431    .text.HAL_GPIO_WritePin  stm32f4xx_hal_gpio.o
    0x08002802   0x08002802   0x00000002   PAD
    0x08002804   0x08002804   0x0000000c   Code   RO          658    .text.HAL_GetTick   stm32f4xx_hal.o
    0x08002810   0x08002810   0x0000001a   Code   RO          656    .text.HAL_IncTick   stm32f4xx_hal.o
    0x0800282a   0x0800282a   0x00000002   PAD
    0x0800282c   0x0800282c   0x00000036   Code   RO          646    .text.HAL_Init      stm32f4xx_hal.o
    0x08002862   0x08002862   0x00000002   PAD
    0x08002864   0x08002864   0x00000070   Code   RO          648    .text.HAL_InitTick  stm32f4xx_hal.o
    0x080028d4   0x080028d4   0x0000004a   Code   RO          145    .text.HAL_MspInit   stm32f4xx_hal_msp.o
    0x0800291e   0x0800291e   0x00000002   PAD
    0x08002920   0x08002920   0x00000032   Code   RO          573    .text.HAL_NVIC_SetPriority  stm32f4xx_hal_cortex.o
    0x08002952   0x08002952   0x00000002   PAD
    0x08002954   0x08002954   0x00000010   Code   RO          569    .text.HAL_NVIC_SetPriorityGrouping  stm32f4xx_hal_cortex.o
    0x08002964   0x08002964   0x00000262   Code   RO          281    .text.HAL_RCC_ClockConfig  stm32f4xx_hal_rcc.o
    0x08002bc6   0x08002bc6   0x00000002   PAD
    0x08002bc8   0x08002bc8   0x0000000c   Code   RO          291    .text.HAL_RCC_GetHCLKFreq  stm32f4xx_hal_rcc.o
    0x08002bd4   0x08002bd4   0x00000022   Code   RO          293    .text.HAL_RCC_GetPCLK1Freq  stm32f4xx_hal_rcc.o
    0x08002bf6   0x08002bf6   0x00000002   PAD
    0x08002bf8   0x08002bf8   0x00000022   Code   RO          295    .text.HAL_RCC_GetPCLK2Freq  stm32f4xx_hal_rcc.o
    0x08002c1a   0x08002c1a   0x00000002   PAD
    0x08002c1c   0x08002c1c   0x000000e6   Code   RO          283    .text.HAL_RCC_GetSysClockFreq  stm32f4xx_hal_rcc.o
    0x08002d02   0x08002d02   0x00000002   PAD
    0x08002d04   0x08002d04   0x000006be   Code   RO          279    .text.HAL_RCC_OscConfig  stm32f4xx_hal_rcc.o
    0x080033c2   0x080033c2   0x00000002   PAD
    0x080033c4   0x080033c4   0x00000010   Code   RO          593    .text.HAL_SYSTICK_Config  stm32f4xx_hal_cortex.o
    0x080033d4   0x080033d4   0x000000fe   Code   RO         1347    .text.HAL_TIMEx_MasterConfigSynchronization  stm32f4xx_hal_tim_ex.o
    0x080034d2   0x080034d2   0x00000002   PAD
    0x080034d4   0x080034d4   0x000000b0   Code   RO          163    .text.HAL_TIM_MspPostInit  stm32f4xx_hal_msp.o
    0x08003584   0x08003584   0x00000142   Code   RO         1200    .text.HAL_TIM_PWM_ConfigChannel  stm32f4xx_hal_tim.o
    0x080036c6   0x080036c6   0x00000002   PAD
    0x080036c8   0x080036c8   0x0000009c   Code   RO         1088    .text.HAL_TIM_PWM_Init  stm32f4xx_hal_tim.o
    0x08003764   0x08003764   0x0000003e   Code   RO          161    .text.HAL_TIM_PWM_MspInit  stm32f4xx_hal_msp.o
    0x080037a2   0x080037a2   0x00000002   PAD
    0x080037a4   0x080037a4   0x0000009e   Code   RO         1370    .text.HAL_UART_Init  stm32f4xx_hal_uart.o
    0x08003842   0x08003842   0x00000002   PAD
    0x08003844   0x08003844   0x0000008c   Code   RO          169    .text.HAL_UART_MspInit  stm32f4xx_hal_msp.o
    0x080038d0   0x080038d0   0x00000130   Code   RO         1386    .text.HAL_UART_Transmit  stm32f4xx_hal_uart.o
    0x08003a00   0x08003a00   0x00000004   Code   RO          124    .text.HardFault_Handler  stm32f4xx_it.o
    0x08003a04   0x08003a04   0x00000004   Code   RO         1526    .text.LED_GetCount  led_nucleo_f401re.o
    0x08003a08   0x08003a08   0x0000005c   Code   RO         1516    .text.LED_Initialize  led_nucleo_f401re.o
    0x08003a64   0x08003a64   0x00000036   Code   RO         1522    .text.LED_Off       led_nucleo_f401re.o
    0x08003a9a   0x08003a9a   0x00000002   PAD
    0x08003a9c   0x08003a9c   0x00000034   Code   RO         1520    .text.LED_On        led_nucleo_f401re.o
    0x08003ad0   0x08003ad0   0x000000fc   Code   RO           87    .text.MX_ADC1_Init  main.o
    0x08003bcc   0x08003bcc   0x00000116   Code   RO           85    .text.MX_GPIO_Init  main.o
    0x08003ce2   0x08003ce2   0x00000002   PAD
    0x08003ce4   0x08003ce4   0x000000b6   Code   RO           89    .text.MX_TIM3_Init  main.o
    0x08003d9a   0x08003d9a   0x00000002   PAD
    0x08003d9c   0x08003d9c   0x00000040   Code   RO           91    .text.MX_USART2_UART_Init  main.o
    0x08003ddc   0x08003ddc   0x00000004   Code   RO          126    .text.MemManage_Handler  stm32f4xx_it.o
    0x08003de0   0x08003de0   0x00000004   Code   RO          122    .text.NMI_Handler   stm32f4xx_it.o
    0x08003de4   0x08003de4   0x0000006c   Code   RO          579    .text.NVIC_EncodePriority  stm32f4xx_hal_cortex.o
    0x08003e50   0x08003e50   0x00000002   Code   RO          136    .text.PendSV_Handler  stm32f4xx_it.o
    0x08003e52   0x08003e52   0x00000002   PAD
    0x08003e54   0x08003e54   0x00000002   Code   RO          132    .text.SVC_Handler   stm32f4xx_it.o
    0x08003e56   0x08003e56   0x00000002   PAD
    0x08003e58   0x08003e58   0x00000052   Code   RO           83    .text.SysTick_Config  main.o
    0x08003eaa   0x08003eaa   0x00000002   PAD
    0x08003eac   0x08003eac   0x00000052   Code   RO          595    .text.SysTick_Config  stm32f4xx_hal_cortex.o
    0x08003efe   0x08003efe   0x00000002   PAD
    0x08003f00   0x08003f00   0x0000001a   Code   RO           77    .text.SysTick_Handler  main.o
    0x08003f1a   0x08003f1a   0x00000002   PAD
    0x08003f1c   0x08003f1c   0x000000b8   Code   RO           81    .text.SystemClock_Config  main.o
    0x08003fd4   0x08003fd4   0x00000012   Code   RO         1570    .text.SystemInit    system_stm32f4xx_1.o
    0x08003fe6   0x08003fe6   0x00000002   PAD
    0x08003fe8   0x08003fe8   0x00000144   Code   RO         1038    .text.TIM_Base_SetConfig  stm32f4xx_hal_tim.o
    0x0800412c   0x0800412c   0x000000ca   Code   RO         1182    .text.TIM_OC1_SetConfig  stm32f4xx_hal_tim.o
    0x080041f6   0x080041f6   0x00000002   PAD
    0x080041f8   0x080041f8   0x000000d4   Code   RO         1184    .text.TIM_OC2_SetConfig  stm32f4xx_hal_tim.o
    0x080042cc   0x080042cc   0x000000d2   Code   RO         1186    .text.TIM_OC3_SetConfig  stm32f4xx_hal_tim.o
    0x0800439e   0x0800439e   0x00000002   PAD
    0x080043a0   0x080043a0   0x00000094   Code   RO         1188    .text.TIM_OC4_SetConfig  stm32f4xx_hal_tim.o
    0x08004434   0x08004434   0x00000094   Code   RO         1418    .text.UART_EndRxTransfer  stm32f4xx_hal_uart.o
    0x080044c8   0x080044c8   0x0000013a   Code   RO         1374    .text.UART_SetConfig  stm32f4xx_hal_uart.o
    0x08004602   0x08004602   0x00000002   PAD
    0x08004604   0x08004604   0x000000da   Code   RO         1388    .text.UART_WaitOnFlagUntilTimeout  stm32f4xx_hal_uart.o
    0x080046de   0x080046de   0x00000002   PAD
    0x080046e0   0x080046e0   0x00000060   Code   RO           49    .text.UART_direct_msg_put  uart_poll.o
    0x08004740   0x08004740   0x00000062   Code   RO           53    .text.UART_get      uart_poll.o
    0x080047a2   0x080047a2   0x00000002   PAD
    0x080047a4   0x080047a4   0x00000034   Code   RO           55    .text.UART_input    uart_poll.o
    0x080047d8   0x080047d8   0x00000202   Code   RO            6    .text.UART_msg_process  monitor.o
    0x080049da   0x080049da   0x00000002   PAD
    0x080049dc   0x080049dc   0x00000052   Code   RO           57    .text.UART_msg_put  uart_poll.o
    0x08004a2e   0x08004a2e   0x00000002   PAD
    0x08004a30   0x08004a30   0x00000044   Code   RO           51    .text.UART_put      uart_poll.o
    0x08004a74   0x08004a74   0x00000004   Code   RO          130    .text.UsageFault_Handler  stm32f4xx_it.o
    0x08004a78   0x08004a78   0x00000010   Code   RO          575    .text.__NVIC_GetPriorityGrouping  stm32f4xx_hal_cortex.o
    0x08004a88   0x08004a88   0x00000042   Code   RO           95    .text.__NVIC_SetPriority  main.o
    0x08004aca   0x08004aca   0x00000002   PAD
    0x08004acc   0x08004acc   0x00000042   Code   RO          577    .text.__NVIC_SetPriority  stm32f4xx_hal_cortex.o
    0x08004b0e   0x08004b0e   0x00000002   PAD
    0x08004b10   0x08004b10   0x0000003c   Code   RO          571    .text.__NVIC_SetPriorityGrouping  stm32f4xx_hal_cortex.o
    0x08004b4c   0x08004b4c   0x0000004a   Code   RO         1538    .text._sys_close    retarget_io.o
    0x08004b96   0x08004b96   0x00000002   PAD
    0x08004b98   0x08004b98   0x00000048   Code   RO         1548    .text._sys_flen     retarget_io.o
    0x08004be0   0x08004be0   0x00000048   Code   RO         1544    .text._sys_istty    retarget_io.o
    0x08004c28   0x08004c28   0x00000084   Code   RO         1536    .text._sys_open     retarget_io.o
    0x08004cac   0x08004cac   0x00000052   Code   RO         1546    .text._sys_seek     retarget_io.o
    0x08004cfe   0x08004cfe   0x00000002   PAD
    0x08004d00   0x08004d00   0x00000076   Code   RO         1540    .text._sys_write    retarget_io.o
    0x08004d76   0x08004d76   0x00000002   PAD
    0x08004d78   0x08004d78   0x00000150   Code   RO            4    .text.chk_UART_msg  monitor.o
    0x08004ec8   0x08004ec8   0x00000124   Code   RO           79    .text.main          main.o
    0x08004fec   0x08004fec   0x000000fa   Code   RO           10    .text.monitor       monitor.o
    0x080050e6   0x080050e6   0x00000002   PAD
    0x080050e8   0x080050e8   0x00000176   Code   RO           47    .text.serial        uart_poll.o
    0x0800525e   0x0800525e   0x00000002   PAD
    0x08005260   0x08005260   0x0000004c   Code   RO            2    .text.set_display_mode  monitor.o
    0x080052ac   0x080052ac   0x00000022   Code   RO           75    .text.stdout_putchar  main.o
    0x080052ce   0x080052ce   0x00000002   PAD
    0x080052d0   0x080052d0   0x0000025e   Code   RO           23    .text.timer0        timer0.o
    0x0800552e   0x0800552e   0x0000003e   Code   RO         1830    CL$$btod_d2e        c_w.l(btod.o)
    0x0800556c   0x0800556c   0x00000046   Code   RO         1832    CL$$btod_d2e_denorm_low  c_w.l(btod.o)
    0x080055b2   0x080055b2   0x00000060   Code   RO         1831    CL$$btod_d2e_norm_op1  c_w.l(btod.o)
    0x08005612   0x08005612   0x00000002   PAD
    0x08005614   0x08005614   0x00000338   Code   RO         1840    CL$$btod_div_common  c_w.l(btod.o)
    0x0800594c   0x0800594c   0x000000dc   Code   RO         1837    CL$$btod_e2e        c_w.l(btod.o)
    0x08005a28   0x08005a28   0x0000002a   Code   RO         1834    CL$$btod_ediv       c_w.l(btod.o)
    0x08005a52   0x08005a52   0x0000002a   Code   RO         1833    CL$$btod_emul       c_w.l(btod.o)
    0x08005a7c   0x08005a7c   0x00000244   Code   RO         1839    CL$$btod_mult_common  c_w.l(btod.o)
    0x08005cc0   0x08005cc0   0x00000030   Code   RO         1954    i.__ARM_fpclassify  m_wm.l(fpclassify.o)
    0x08005cf0   0x08005cf0   0x0000000e   Code   RO         1658    i._is_digit         c_w.l(__printf_wp.o)
    0x08005cfe   0x08005cfe   0x0000001c   Code   RO         1743    i.fputc             c_w.l(fputc.o)
    0x08005d1a   0x08005d1a   0x00000002   PAD
    0x08005d1c   0x08005d1c   0x0000002c   Code   RO         1868    locale$$code        c_w.l(lc_numeric_c.o)
    0x08005d48   0x08005d48   0x0000002c   Code   RO         2001    locale$$code        c_w.l(lc_ctype_c.o)
    0x08005d74   0x08005d74   0x0000001a   Code   RO         2015    x$fpl$fpinit        fz_wm.l(fpinit.o)
    0x08005d8e   0x08005d8e   0x00000004   Code   RO         1697    x$fpl$printf1       fz_wm.l(printf1.o)
    0x08005d92   0x08005d92   0x00000004   Code   RO         1699    x$fpl$printf2       fz_wm.l(printf2.o)
    0x08005d96   0x08005d96   0x00000000   Code   RO         1953    x$fpl$usenofp       fz_wm.l(usenofp.o)
    0x08005d96   0x08005d96   0x00000002   PAD
    0x08005d98   0x08005d98   0x00000008   Data   RO         1617    .constdata          c_w.l(_printf_wctomb.o)
    0x08005da0   0x08005da0   0x00000028   Data   RO         1646    .constdata          c_w.l(_printf_hex_int_ll_ptr.o)
    0x08005dc8   0x08005dc8   0x00000011   Data   RO         1666    .constdata          c_w.l(__printf_flags_ss_wp.o)
    0x08005dd9   0x08005dd9   0x00000026   Data   RO         1731    .constdata          c_w.l(_printf_fp_hex.o)
    0x08005dff   0x08005dff   0x00000001   PAD
    0x08005e00   0x08005e00   0x00000094   Data   RO         1828    .constdata          c_w.l(bigflt0.o)
    0x08005e94   0x08005e94   0x00000010   Data   RO         1575    .rodata.AHBPrescTable  system_stm32f4xx_1.o
    0x08005ea4   0x08005ea4   0x00000008   Data   RO         1576    .rodata.APBPrescTable  system_stm32f4xx_1.o
    0x08005eac   0x08005eac   0x00000008   Data   RO         1552    .rodata.__stderr_name  retarget_io.o
    0x08005eb4   0x08005eb4   0x00000007   Data   RO         1550    .rodata.__stdin_name  retarget_io.o
    0x08005ebb   0x08005ebb   0x00000008   Data   RO         1551    .rodata.__stdout_name  retarget_io.o
    0x08005ec3   0x08005ec3   0x00000001   PAD
    0x08005ec4   0x08005ec4   0x00000004   Data   RO         1528    .rodata.led_mask    led_nucleo_f401re.o
    0x08005ec8   0x08005ec8   0x0000011f   Data   RO           12    .rodata.str1.1      monitor.o
    0x08005fe7   0x08005fe7   0x00000052   Data   RO          102    .rodata.str1.1      main.o
    0x08006039   0x08006039   0x00000017   Data   RO         1553    .rodata.str1.1      retarget_io.o
    0x08006050   0x08006050   0x00000020   Data   RO         2113    Region$$Table       anon$$obj.o
    0x08006070   0x08006070   0x0000001c   Data   RO         1867    locale$$data        c_w.l(lc_numeric_c.o)
    0x0800608c   0x0800608c   0x00000110   Data   RO         2000    locale$$data        c_w.l(lc_ctype_c.o)


    Execution Region RW_IRAM1 (Exec base: 0x20000000, Load base: 0x080061a0, Size: 0x000008c0, Max: 0x00018000, ABSOLUTE)

    Exec Addr    Load Addr    Size         Type   Attr      Idx    E Section Name        Object

    0x20000000   0x080061a0   0x00000004   Data   RW         1694    .data               c_w.l(stdio_streams.o)
    0x20000004   0x080061a4   0x00000004   Data   RW         1695    .data               c_w.l(stdio_streams.o)
    0x20000008   0x080061a8   0x00000004   Data   RW         1696    .data               c_w.l(stdio_streams.o)
    0x2000000c   0x080061ac   0x00000004   Data   RW         1574    .data.SystemCoreClock  system_stm32f4xx_1.o
    0x20000010   0x080061b0   0x00000001   Data   RW          701    .data.uwTickFreq    stm32f4xx_hal.o
    0x20000011   0x080061b1   0x00000003   PAD
    0x20000014   0x080061b4   0x00000004   Data   RW          700    .data.uwTickPrio    stm32f4xx_hal.o
    0x20000018        -       0x00000054   Zero   RW         1691    .bss                c_w.l(stdio_streams.o)
    0x2000006c        -       0x00000054   Zero   RW         1692    .bss                c_w.l(stdio_streams.o)
    0x200000c0        -       0x00000054   Zero   RW         1693    .bss                c_w.l(stdio_streams.o)
    0x20000114        -       0x00000060   Zero   RW         1957    .bss                c_w.l(libspace.o)
    0x20000174        -       0x00000002   Zero   RW           33    .bss.SwTimerIsrCounter  timer0.o
    0x20000176        -       0x00000001   Zero   RW           35    .bss.display_flag   timer0.o
    0x20000177        -       0x00000001   Zero   RW           97    .bss.display_mode   main.o
    0x20000178        -       0x00000001   Zero   RW           34    .bss.display_timer  timer0.o
    0x20000179        -       0x00000001   Zero   RW           67    .bss.error_count    uart_poll.o
    0x2000017a   0x080061b8   0x00000002   PAD
    0x2000017c        -       0x00000048   Zero   RW          111    .bss.hadc1          main.o
    0x200001c4        -       0x00000048   Zero   RW          113    .bss.htim3          main.o
    0x2000020c        -       0x00000048   Zero   RW          100    .bss.huart2         main.o
    0x20000254        -       0x00000001   Zero   RW           38    .bss.led_timer      timer0.o
    0x20000255        -       0x00000001   Zero   RW           37    .bss.long_time_state  timer0.o
    0x20000256   0x080061b8   0x00000002   PAD
    0x20000258        -       0x00000004   Zero   RW          101    .bss.msTicks        main.o
    0x2000025c        -       0x0000000a   Zero   RW          110    .bss.msg_buf        main.o
    0x20000266        -       0x00000001   Zero   RW           99    .bss.msg_buf_idx    main.o
    0x20000267        -       0x0000000a   Zero   RW          103    .bss.rx_buf         main.o
    0x20000271   0x080061b8   0x00000003   PAD
    0x20000274        -       0x00000004   Zero   RW          104    .bss.rx_in_ptr      main.o
    0x20000278        -       0x00000004   Zero   RW          105    .bss.rx_out_ptr     main.o
    0x2000027c        -       0x00000001   Zero   RW           98    .bss.serial_flag    main.o
    0x2000027d        -       0x00000001   Zero   RW           25    .bss.swtimer0       timer0.o
    0x2000027e        -       0x00000001   Zero   RW           26    .bss.swtimer1       timer0.o
    0x2000027f        -       0x00000001   Zero   RW           27    .bss.swtimer2       timer0.o
    0x20000280        -       0x00000001   Zero   RW           28    .bss.swtimer3       timer0.o
    0x20000281        -       0x00000001   Zero   RW           29    .bss.swtimer4       timer0.o
    0x20000282        -       0x00000001   Zero   RW           30    .bss.swtimer5       timer0.o
    0x20000283        -       0x00000001   Zero   RW           31    .bss.swtimer6       timer0.o
    0x20000284        -       0x00000001   Zero   RW           32    .bss.swtimer7       timer0.o
    0x20000285   0x080061b8   0x00000001   PAD
    0x20000286        -       0x00000002   Zero   RW           39    .bss.timer0_count   timer0.o
    0x20000288        -       0x00000001   Zero   RW           36    .bss.timer_state    timer0.o
    0x20000289        -       0x00000028   Zero   RW          106    .bss.tx_buf         main.o
    0x200002b1        -       0x00000001   Zero   RW          109    .bss.tx_in_progress  main.o
    0x200002b2   0x080061b8   0x00000002   PAD
    0x200002b4        -       0x00000004   Zero   RW          107    .bss.tx_in_ptr      main.o
    0x200002b8        -       0x00000004   Zero   RW          108    .bss.tx_out_ptr     main.o
    0x200002bc        -       0x00000004   Zero   RW          702    .bss.uwTick         stm32f4xx_hal.o
    0x200002c0        -       0x00000200   Zero   RW         1561    HEAP                startup_stm32f401xe_1.o
    0x200004c0        -       0x00000400   Zero   RW         1560    STACK               startup_stm32f401xe_1.o


==============================================================================

Image component sizes


      Code (inc. data)   RO Data    RW Data    ZI Data      Debug   Object Name

        76          0          0          0          0       2280   buttons_nucleo_f401re.o
       202          0          4          0          0       2720   led_nucleo_f401re.o
      1466          0         82          0        300      15015   main.o
      1176         24        287          0          0       2287   monitor.o
       550          0         46          0          0       2482   retarget_io.o
        64         26        404          0       1536        952   startup_stm32f401xe_1.o
       270          0          0          5          4       6719   stm32f4xx_hal.o
      1098          0          0          0          0       9931   stm32f4xx_hal_adc.o
       414          0          0          0          0       9260   stm32f4xx_hal_cortex.o
       912          0          0          0          0       5140   stm32f4xx_hal_gpio.o
       586          0          0          0          0      11808   stm32f4xx_hal_msp.o
      2646          0          0          0          0       7700   stm32f4xx_hal_rcc.o
      1574         14          0          0          0      35879   stm32f4xx_hal_tim.o
       254          0          0          0          0      15368   stm32f4xx_hal_tim_ex.o
      1142          0          0          0          0      20473   stm32f4xx_hal_uart.o
        26          0          0          0          0        979   stm32f4xx_it.o
        18          0         24          4          0       2656   system_stm32f4xx_1.o
       606          0          0          0         17       2689   timer0.o
       770          0          0          0          1       2673   uart_poll.o

    ----------------------------------------------------------------------
     13938         64        880         12       1868     157011   Object Totals
         0          0         32          0          0          0   (incl. Generated)
        88          0          1          3         10          0   (incl. Padding)

    ----------------------------------------------------------------------

      Code (inc. data)   RO Data    RW Data    ZI Data      Debug   Library Member Name

         8          0          0          0          0         68   __main.o
       392          4         17          0          0         92   __printf_flags_ss_wp.o
        14          0          0          0          0         68   __printf_wp.o
         0          0          0          0          0          0   __rtentry.o
        12          0          0          0          0          0   __rtentry2.o
         6          0          0          0          0          0   __rtentry4.o
        94          8          0          0          0          0   __scatter.o
        26          0          0          0          0          0   __scatter_copy.o
        28          0          0          0          0          0   __scatter_zi.o
        72          0          0          0          0         96   _c16rtomb.o
         6          0          0          0          0          0   _printf_a.o
         6          0          0          0          0          0   _printf_c.o
        44          0          0          0          0        108   _printf_char.o
        48          6          0          0          0         96   _printf_char_common.o
        36          4          0          0          0         80   _printf_char_file.o
        40          0          0          0          0         68   _printf_charcount.o
         6          0          0          0          0          0   _printf_d.o
       120         16          0          0          0         92   _printf_dec.o
         6          0          0          0          0          0   _printf_e.o
         6          0          0          0          0          0   _printf_f.o
      1052          0          0          0          0        148   _printf_fp_dec.o
       764          8         38          0          0        100   _printf_fp_hex.o
       128         16          0          0          0         84   _printf_fp_infnan.o
         6          0          0          0          0          0   _printf_g.o
       148          4         40          0          0        160   _printf_hex_int_ll_ptr.o
         6          0          0          0          0          0   _printf_i.o
       178          0          0          0          0         88   _printf_intcommon.o
        10          0          0          0          0          0   _printf_l.o
         6          0          0          0          0          0   _printf_lc.o
        10          0          0          0          0          0   _printf_ll.o
         6          0          0          0          0          0   _printf_lld.o
         6          0          0          0          0          0   _printf_lli.o
         6          0          0          0          0          0   _printf_llo.o
         6          0          0          0          0          0   _printf_llu.o
         6          0          0          0          0          0   _printf_llx.o
       124         16          0          0          0         92   _printf_longlong_dec.o
         6          0          0          0          0          0   _printf_ls.o
         6          0          0          0          0          0   _printf_n.o
         6          0          0          0          0          0   _printf_o.o
       112          8          0          0          0        124   _printf_oct_int_ll.o
         6          0          0          0          0          0   _printf_p.o
        78          0          0          0          0        108   _printf_pad.o
         0          0          0          0          0          0   _printf_percent.o
         4          0          0          0          0          0   _printf_percent_end.o
         6          0          0          0          0          0   _printf_s.o
        82          0          0          0          0         80   _printf_str.o
        36          0          0          0          0         84   _printf_truncate.o
         6          0          0          0          0          0   _printf_u.o
        44          0          0          0          0        108   _printf_wchar.o
       188          6          8          0          0         92   _printf_wctomb.o
         6          0          0          0          0          0   _printf_x.o
       228          4        148          0          0         96   bigflt0.o
      1936        128          0          0          0        668   btod.o
        10          0          0          0          0         68   defsig_exit.o
        50          0          0          0          0         88   defsig_general.o
        80         58          0          0          0         76   defsig_rtmem_inner.o
        14          0          0          0          0         80   defsig_rtmem_outer.o
        52         38          0          0          0         76   defsig_rtred_inner.o
        14          0          0          0          0         80   defsig_rtred_outer.o
        18          0          0          0          0         80   exit.o
        76          0          0          0          0         88   fclose.o
         8          0          0          0          0         68   ferror.o
       482          0          0          0          0         92   flsbuf.o
       240          6          0          0          0        128   fopen.o
        28          0          0          0          0         68   fputc.o
       248          6          0          0          0         84   fseek.o
        66          0          0          0          0         76   ftell.o
        94          0          0          0          0         80   h1_alloc.o
        52          0          0          0          0         68   h1_extend.o
        78          0          0          0          0         80   h1_free.o
        12          0          0          0          0         84   h1_init.o
         6          0          0          0          0        152   heapauxi.o
         4          0          0          0          0        136   hguard.o
         0          0          0          0          0          0   indicate_semi.o
       138          0          0          0          0        168   init_alloc.o
       312         46          0          0          0        112   initio.o
        44         10        272          0          0         76   lc_ctype_c.o
        44         10         28          0          0         76   lc_numeric_c.o
         2          0          0          0          0          0   libinit.o
        46          0          0          0          0          0   libinit2.o
         2          0          0          0          0          0   libshutdown.o
         6          0          0          0          0          0   libshutdown2.o
         8          4          0          0         96         68   libspace.o
       138          0          0          0          0         80   lludiv10.o
       240          0          0          0          0        100   lludivv7m.o
         0          0          0          0          0          0   maybetermalloc1.o
        24          4          0          0          0         84   printf.o
        16          4          0          0          0         76   rt_ctype_table.o
         8          4          0          0          0         68   rt_errno_addr_intlibspace.o
         8          4          0          0          0         68   rt_heap_descriptor_intlibspace.o
         8          4          0          0          0         68   rt_locale_intlibspace.o
        78          0          0          0          0         80   rt_memclr_w.o
         2          0          0          0          0          0   rtexit.o
        10          0          0          0          0          0   rtexit2.o
        70          0          0          0          0         80   setvbuf.o
       264          6          0          0          0        160   stdio.o
         0          0          0         12        252          0   stdio_streams.o
       124          0          0          0          0         88   strcmpv7em.o
        12          4          0          0          0         68   sys_exit.o
        74          0          0          0          0         80   sys_stackheap_outer.o
        14          0          0          0          0         76   sys_wrch.o
         2          0          0          0          0         68   use_no_semi.o
        26          0          0          0          0        116   fpinit.o
         4          0          0          0          0        116   printf1.o
         4          0          0          0          0        116   printf2.o
         0          0          0          0          0          0   usenofp.o
        48          0          0          0          0        124   fpclassify.o

    ----------------------------------------------------------------------
      9618        436        552         12        348       6768   Library Totals
        28          0          1          0          0          0   (incl. Padding)

    ----------------------------------------------------------------------

      Code (inc. data)   RO Data    RW Data    ZI Data      Debug   Library Name

      9508        436        551         12        348       6296   c_w.l
        34          0          0          0          0        348   fz_wm.l
        48          0          0          0          0        124   m_wm.l

    ----------------------------------------------------------------------
      9618        436        552         12        348       6768   Library Totals

    ----------------------------------------------------------------------

==============================================================================


      Code (inc. data)   RO Data    RW Data    ZI Data      Debug   

     23556        500       1432         24       2216     159823   Grand Totals
     23556        500       1432         24       2216     159823   ELF Image Totals
     23556        500       1432         24          0          0   ROM Totals

==============================================================================

    Total RO  Size (Code + RO Data)                24988 (  24.40kB)
    Total RW  Size (RW Data + ZI Data)              2240 (   2.19kB)
    Total ROM Size (Code + RO Data + RW Data)      25012 (  24.43kB)

==============================================================================

